[INFO] Scanning for projects...
[INFO] 
[INFO] -------------------< dev.coms4156.project:KebabCase >-------------------
[INFO] Building KebabCase 0.0.1-SNAPSHOT
[INFO]   from pom.xml
[INFO] --------------------------------[ jar ]---------------------------------
Downloading from central: https://repo.maven.apache.org/maven2/org/apache/maven/plugins/maven-resources-plugin/3.3.1/maven-resources-plugin-3.3.1.pom
Progress (1): 1.4/8.2 kBProgress (1): 2.8/8.2 kBProgress (1): 4.1/8.2 kBProgress (1): 5.5/8.2 kBProgress (1): 6.9/8.2 kBProgress (1): 8.2 kB                        Downloaded from central: https://repo.maven.apache.org/maven2/org/apache/maven/plugins/maven-resources-plugin/3.3.1/maven-resources-plugin-3.3.1.pom (8.2 kB at 39 kB/s)
Downloading from central: https://repo.maven.apache.org/maven2/org/apache/maven/plugins/maven-resources-plugin/3.3.1/maven-resources-plugin-3.3.1.jar
Progress (1): 1.4/31 kBProgress (1): 2.8/31 kBProgress (1): 4.1/31 kBProgress (1): 5.5/31 kBProgress (1): 6.9/31 kBProgress (1): 8.3/31 kBProgress (1): 9.7/31 kBProgress (1): 11/31 kB Progress (1): 12/31 kBProgress (1): 14/31 kBProgress (1): 15/31 kBProgress (1): 17/31 kBProgress (1): 18/31 kBProgress (1): 19/31 kBProgress (1): 21/31 kBProgress (1): 22/31 kBProgress (1): 23/31 kBProgress (1): 25/31 kBProgress (1): 26/31 kBProgress (1): 28/31 kBProgress (1): 29/31 kBProgress (1): 30/31 kBProgress (1): 31 kB                      Downloaded from central: https://repo.maven.apache.org/maven2/org/apache/maven/plugins/maven-resources-plugin/3.3.1/maven-resources-plugin-3.3.1.jar (31 kB at 1.4 MB/s)
Downloading from central: https://repo.maven.apache.org/maven2/org/apache/maven/plugins/maven-surefire-plugin/3.5.2/maven-surefire-plugin-3.5.2.pom
Progress (1): 1.4/5.7 kBProgress (1): 2.8/5.7 kBProgress (1): 4.1/5.7 kBProgress (1): 5.5/5.7 kBProgress (1): 5.7 kB                        Downloaded from central: https://repo.maven.apache.org/maven2/org/apache/maven/plugins/maven-surefire-plugin/3.5.2/maven-surefire-plugin-3.5.2.pom (5.7 kB at 474 kB/s)
Downloading from central: https://repo.maven.apache.org/maven2/org/apache/maven/surefire/surefire/3.5.2/surefire-3.5.2.pom
Progress (1): 1.4/20 kBProgress (1): 2.8/20 kBProgress (1): 4.1/20 kBProgress (1): 5.5/20 kBProgress (1): 6.9/20 kBProgress (1): 8.3/20 kBProgress (1): 9.7/20 kBProgress (1): 11/20 kB Progress (1): 12/20 kBProgress (1): 14/20 kBProgress (1): 15/20 kBProgress (1): 16/20 kBProgress (1): 20 kB                      Downloaded from central: https://repo.maven.apache.org/maven2/org/apache/maven/surefire/surefire/3.5.2/surefire-3.5.2.pom (20 kB at 917 kB/s)
Downloading from central: https://repo.maven.apache.org/maven2/org/apache/maven/plugins/maven-surefire-plugin/3.5.2/maven-surefire-plugin-3.5.2.jar
Progress (1): 16/46 kBProgress (1): 32/46 kBProgress (1): 46 kB                      Downloaded from central: https://repo.maven.apache.org/maven2/org/apache/maven/plugins/maven-surefire-plugin/3.5.2/maven-surefire-plugin-3.5.2.jar (46 kB at 3.3 MB/s)
[INFO] 
[INFO] --- checkstyle:3.2.0:check (validate) @ KebabCase ---
[INFO] Starting audit...
Audit done.
[INFO] You have 0 Checkstyle violations.
[INFO] 
[INFO] --- jacoco:0.8.11:prepare-agent (default-prepare-agent) @ KebabCase ---
Downloading from central: https://repo.maven.apache.org/maven2/org/codehaus/plexus/plexus-utils/3.0.24/plexus-utils-3.0.24.pom
Progress (1): 4.1 kB                    Downloaded from central: https://repo.maven.apache.org/maven2/org/codehaus/plexus/plexus-utils/3.0.24/plexus-utils-3.0.24.pom (4.1 kB at 688 kB/s)
Downloading from central: https://repo.maven.apache.org/maven2/org/apache/maven/shared/file-management/3.1.0/file-management-3.1.0.pom
Progress (1): 4.5 kB                    Downloaded from central: https://repo.maven.apache.org/maven2/org/apache/maven/shared/file-management/3.1.0/file-management-3.1.0.pom (4.5 kB at 641 kB/s)
Downloading from central: https://repo.maven.apache.org/maven2/org/apache/maven/shared/maven-shared-components/36/maven-shared-components-36.pom
Progress (1): 4.9 kB                    Downloaded from central: https://repo.maven.apache.org/maven2/org/apache/maven/shared/maven-shared-components/36/maven-shared-components-36.pom (4.9 kB at 489 kB/s)
Downloading from central: https://repo.maven.apache.org/maven2/org/apache/maven/maven-parent/36/maven-parent-36.pom
Progress (1): 16/45 kBProgress (1): 33/45 kBProgress (1): 45 kB                      Downloaded from central: https://repo.maven.apache.org/maven2/org/apache/maven/maven-parent/36/maven-parent-36.pom (45 kB at 5.1 MB/s)
Downloading from central: https://repo.maven.apache.org/maven2/org/apache/apache/26/apache-26.pom
Progress (1): 16/21 kBProgress (1): 21 kB                      Downloaded from central: https://repo.maven.apache.org/maven2/org/apache/apache/26/apache-26.pom (21 kB at 2.3 MB/s)
Downloading from central: https://repo.maven.apache.org/maven2/org/jacoco/org.jacoco.agent/0.8.11/org.jacoco.agent-0.8.11.pom
Progress (1): 3.5 kB                    Downloaded from central: https://repo.maven.apache.org/maven2/org/jacoco/org.jacoco.agent/0.8.11/org.jacoco.agent-0.8.11.pom (3.5 kB at 438 kB/s)
Downloading from central: https://repo.maven.apache.org/maven2/org/jacoco/org.jacoco.core/0.8.11/org.jacoco.core-0.8.11.pom
Progress (1): 2.1 kB                    Downloaded from central: https://repo.maven.apache.org/maven2/org/jacoco/org.jacoco.core/0.8.11/org.jacoco.core-0.8.11.pom (2.1 kB at 232 kB/s)
Downloading from central: https://repo.maven.apache.org/maven2/org/ow2/asm/asm-commons/9.6/asm-commons-9.6.pom
Progress (1): 2.8 kB                    Downloaded from central: https://repo.maven.apache.org/maven2/org/ow2/asm/asm-commons/9.6/asm-commons-9.6.pom (2.8 kB at 398 kB/s)
Downloading from central: https://repo.maven.apache.org/maven2/org/ow2/asm/asm-tree/9.6/asm-tree-9.6.pom
Progress (1): 2.6 kB                    Downloaded from central: https://repo.maven.apache.org/maven2/org/ow2/asm/asm-tree/9.6/asm-tree-9.6.pom (2.6 kB at 288 kB/s)
Downloading from central: https://repo.maven.apache.org/maven2/org/jacoco/org.jacoco.report/0.8.11/org.jacoco.report-0.8.11.pom
Progress (1): 1.9 kB                    Downloaded from central: https://repo.maven.apache.org/maven2/org/jacoco/org.jacoco.report/0.8.11/org.jacoco.report-0.8.11.pom (1.9 kB at 377 kB/s)
Downloading from central: https://repo.maven.apache.org/maven2/org/codehaus/plexus/plexus-utils/3.0.24/plexus-utils-3.0.24.jar
Progress (1): 16/247 kBProgress (1): 32/247 kBProgress (1): 49/247 kBProgress (1): 65/247 kBProgress (1): 81/247 kBProgress (1): 97/247 kBProgress (1): 114/247 kBProgress (1): 130/247 kBProgress (1): 147/247 kBProgress (1): 163/247 kBProgress (1): 179/247 kBProgress (1): 196/247 kBProgress (1): 212/247 kBProgress (1): 228/247 kBProgress (1): 245/247 kBProgress (1): 247 kB                        Downloaded from central: https://repo.maven.apache.org/maven2/org/codehaus/plexus/plexus-utils/3.0.24/plexus-utils-3.0.24.jar (247 kB at 8.2 MB/s)
Downloading from central: https://repo.maven.apache.org/maven2/org/apache/maven/shared/file-management/3.1.0/file-management-3.1.0.jar
Downloading from central: https://repo.maven.apache.org/maven2/commons-io/commons-io/2.11.0/commons-io-2.11.0.jar
Downloading from central: https://repo.maven.apache.org/maven2/org/apache/maven/reporting/maven-reporting-api/3.0/maven-reporting-api-3.0.jar
Downloading from central: https://repo.maven.apache.org/maven2/org/apache/maven/doxia/doxia-sink-api/1.0/doxia-sink-api-1.0.jar
Downloading from central: https://repo.maven.apache.org/maven2/org/jacoco/org.jacoco.agent/0.8.11/org.jacoco.agent-0.8.11-runtime.jar
Progress (1): 16/327 kBProgress (1): 33/327 kBProgress (1): 49/327 kBProgress (1): 62/327 kBProgress (2): 62/327 kB | 1.4/11 kBProgress (2): 62/327 kB | 2.8/11 kBProgress (2): 62/327 kB | 4.1/11 kBProgress (2): 62/327 kB | 5.5/11 kBProgress (2): 62/327 kB | 6.9/11 kBProgress (2): 62/327 kB | 8.3/11 kBProgress (2): 62/327 kB | 9.7/11 kBProgress (2): 62/327 kB | 11 kB    Progress (3): 62/327 kB | 11 kB | 1.4/36 kB                                           Downloaded from central: https://repo.maven.apache.org/maven2/org/apache/maven/reporting/maven-reporting-api/3.0/maven-reporting-api-3.0.jar (11 kB at 521 kB/s)
Downloading from central: https://repo.maven.apache.org/maven2/org/jacoco/org.jacoco.core/0.8.11/org.jacoco.core-0.8.11.jar
Progress (2): 78/327 kB | 1.4/36 kBProgress (2): 78/327 kB | 2.8/36 kBProgress (2): 78/327 kB | 4.1/36 kBProgress (2): 78/327 kB | 5.5/36 kBProgress (2): 78/327 kB | 6.9/36 kBProgress (2): 78/327 kB | 8.3/36 kBProgress (2): 78/327 kB | 9.7/36 kBProgress (3): 78/327 kB | 9.7/36 kB | 16/210 kBProgress (4): 78/327 kB | 9.7/36 kB | 16/210 kB | 1.4/10 kBProgress (4): 78/327 kB | 9.7/36 kB | 16/210 kB | 2.8/10 kBProgress (4): 78/327 kB | 9.7/36 kB | 16/210 kB | 4.1/10 kBProgress (4): 95/327 kB | 9.7/36 kB | 16/210 kB | 4.1/10 kBProgress (4): 95/327 kB | 11/36 kB | 16/210 kB | 4.1/10 kB Progress (4): 95/327 kB | 12/36 kB | 16/210 kB | 4.1/10 kBProgress (4): 95/327 kB | 14/36 kB | 16/210 kB | 4.1/10 kBProgress (4): 95/327 kB | 15/36 kB | 16/210 kB | 4.1/10 kBProgress (4): 95/327 kB | 17/36 kB | 16/210 kB | 4.1/10 kBProgress (4): 95/327 kB | 17/36 kB | 16/210 kB | 5.5/10 kBProgress (5): 95/327 kB | 17/36 kB | 16/210 kB | 5.5/10 kB | 1.4/301 kBProgress (5): 95/327 kB | 17/36 kB | 16/210 kB | 5.5/10 kB | 2.8/301 kBProgress (5): 95/327 kB | 17/36 kB | 16/210 kB | 5.5/10 kB | 4.1/301 kBProgress (5): 95/327 kB | 17/36 kB | 16/210 kB | 6.9/10 kB | 4.1/301 kBProgress (5): 95/327 kB | 17/36 kB | 33/210 kB | 6.9/10 kB | 4.1/301 kBProgress (5): 95/327 kB | 18/36 kB | 33/210 kB | 6.9/10 kB | 4.1/301 kBProgress (5): 95/327 kB | 19/36 kB | 33/210 kB | 6.9/10 kB | 4.1/301 kBProgress (5): 95/327 kB | 19/36 kB | 49/210 kB | 6.9/10 kB | 4.1/301 kBProgress (5): 95/327 kB | 19/36 kB | 63/210 kB | 6.9/10 kB | 4.1/301 kBProgress (5): 95/327 kB | 19/36 kB | 79/210 kB | 6.9/10 kB | 4.1/301 kBProgress (5): 95/327 kB | 19/36 kB | 79/210 kB | 8.3/10 kB | 4.1/301 kBProgress (5): 95/327 kB | 19/36 kB | 79/210 kB | 8.3/10 kB | 5.5/301 kBProgress (5): 111/327 kB | 19/36 kB | 79/210 kB | 8.3/10 kB | 5.5/301 kBProgress (5): 111/327 kB | 19/36 kB | 96/210 kB | 8.3/10 kB | 5.5/301 kBProgress (5): 127/327 kB | 19/36 kB | 96/210 kB | 8.3/10 kB | 5.5/301 kBProgress (5): 127/327 kB | 19/36 kB | 112/210 kB | 8.3/10 kB | 5.5/301 kBProgress (5): 144/327 kB | 19/36 kB | 112/210 kB | 8.3/10 kB | 5.5/301 kBProgress (5): 144/327 kB | 19/36 kB | 128/210 kB | 8.3/10 kB | 5.5/301 kBProgress (5): 144/327 kB | 19/36 kB | 128/210 kB | 8.3/10 kB | 6.9/301 kBProgress (5): 144/327 kB | 19/36 kB | 128/210 kB | 8.3/10 kB | 8.3/301 kBProgress (5): 144/327 kB | 19/36 kB | 128/210 kB | 8.3/10 kB | 9.7/301 kBProgress (5): 144/327 kB | 19/36 kB | 128/210 kB | 8.3/10 kB | 11/301 kB Progress (5): 144/327 kB | 19/36 kB | 128/210 kB | 8.3/10 kB | 12/301 kBProgress (5): 144/327 kB | 19/36 kB | 128/210 kB | 8.3/10 kB | 14/301 kBProgress (5): 144/327 kB | 19/36 kB | 128/210 kB | 8.3/10 kB | 15/301 kBProgress (5): 144/327 kB | 19/36 kB | 128/210 kB | 8.3/10 kB | 16/301 kBProgress (5): 144/327 kB | 19/36 kB | 128/210 kB | 8.3/10 kB | 32/301 kBProgress (5): 144/327 kB | 19/36 kB | 128/210 kB | 8.3/10 kB | 49/301 kBProgress (5): 144/327 kB | 19/36 kB | 128/210 kB | 8.3/10 kB | 65/301 kBProgress (5): 144/327 kB | 19/36 kB | 128/210 kB | 9.7/10 kB | 65/301 kBProgress (5): 144/327 kB | 21/36 kB | 128/210 kB | 9.7/10 kB | 65/301 kBProgress (5): 144/327 kB | 21/36 kB | 128/210 kB | 10 kB | 65/301 kB    Progress (5): 144/327 kB | 21/36 kB | 145/210 kB | 10 kB | 65/301 kB                                                                    Downloaded from central: https://repo.maven.apache.org/maven2/org/apache/maven/doxia/doxia-sink-api/1.0/doxia-sink-api-1.0.jar (10 kB at 168 kB/s)
Downloading from central: https://repo.maven.apache.org/maven2/org/ow2/asm/asm-commons/9.6/asm-commons-9.6.jar
Progress (4): 144/327 kB | 21/36 kB | 161/210 kB | 65/301 kBProgress (4): 160/327 kB | 21/36 kB | 161/210 kB | 65/301 kBProgress (4): 160/327 kB | 22/36 kB | 161/210 kB | 65/301 kBProgress (4): 160/327 kB | 23/36 kB | 161/210 kB | 65/301 kBProgress (4): 160/327 kB | 25/36 kB | 161/210 kB | 65/301 kBProgress (4): 160/327 kB | 26/36 kB | 161/210 kB | 65/301 kBProgress (4): 160/327 kB | 28/36 kB | 161/210 kB | 65/301 kBProgress (4): 160/327 kB | 29/36 kB | 161/210 kB | 65/301 kBProgress (4): 177/327 kB | 29/36 kB | 161/210 kB | 65/301 kBProgress (4): 177/327 kB | 29/36 kB | 178/210 kB | 65/301 kBProgress (4): 193/327 kB | 29/36 kB | 178/210 kB | 65/301 kBProgress (4): 193/327 kB | 29/36 kB | 194/210 kB | 65/301 kBProgress (4): 209/327 kB | 29/36 kB | 194/210 kB | 65/301 kBProgress (4): 209/327 kB | 29/36 kB | 210 kB | 65/301 kB    Progress (4): 226/327 kB | 29/36 kB | 210 kB | 65/301 kBProgress (4): 226/327 kB | 30/36 kB | 210 kB | 65/301 kBProgress (4): 226/327 kB | 32/36 kB | 210 kB | 65/301 kBProgress (4): 226/327 kB | 33/36 kB | 210 kB | 65/301 kBProgress (4): 242/327 kB | 33/36 kB | 210 kB | 65/301 kBProgress (4): 259/327 kB | 33/36 kB | 210 kB | 65/301 kBProgress (4): 259/327 kB | 33/36 kB | 210 kB | 81/301 kB                                                        Downloaded from central: https://repo.maven.apache.org/maven2/org/jacoco/org.jacoco.core/0.8.11/org.jacoco.core-0.8.11.jar (210 kB at 2.8 MB/s)
Downloading from central: https://repo.maven.apache.org/maven2/org/ow2/asm/asm-tree/9.6/asm-tree-9.6.jar
Progress (3): 259/327 kB | 33/36 kB | 98/301 kBProgress (4): 259/327 kB | 33/36 kB | 98/301 kB | 16/72 kBProgress (4): 259/327 kB | 34/36 kB | 98/301 kB | 16/72 kBProgress (4): 259/327 kB | 36/36 kB | 98/301 kB | 16/72 kBProgress (4): 259/327 kB | 36 kB | 98/301 kB | 16/72 kB   Progress (4): 259/327 kB | 36 kB | 98/301 kB | 33/72 kB                                                       Downloaded from central: https://repo.maven.apache.org/maven2/org/apache/maven/shared/file-management/3.1.0/file-management-3.1.0.jar (36 kB at 438 kB/s)
Downloading from central: https://repo.maven.apache.org/maven2/org/jacoco/org.jacoco.report/0.8.11/org.jacoco.report-0.8.11.jar
Progress (3): 259/327 kB | 98/301 kB | 49/72 kBProgress (3): 259/327 kB | 98/301 kB | 66/72 kBProgress (3): 259/327 kB | 98/301 kB | 72 kB                                               Downloaded from central: https://repo.maven.apache.org/maven2/org/ow2/asm/asm-commons/9.6/asm-commons-9.6.jar (72 kB at 880 kB/s)
Progress (3): 259/327 kB | 98/301 kB | 16/131 kBProgress (3): 259/327 kB | 98/301 kB | 33/131 kBProgress (3): 259/327 kB | 98/301 kB | 49/131 kBProgress (3): 275/327 kB | 98/301 kB | 49/131 kBProgress (3): 275/327 kB | 98/301 kB | 63/131 kBProgress (3): 291/327 kB | 98/301 kB | 63/131 kBProgress (3): 291/327 kB | 114/301 kB | 63/131 kBProgress (3): 291/327 kB | 114/301 kB | 80/131 kBProgress (3): 308/327 kB | 114/301 kB | 80/131 kBProgress (3): 308/327 kB | 130/301 kB | 80/131 kBProgress (3): 324/327 kB | 130/301 kB | 80/131 kBProgress (3): 324/327 kB | 147/301 kB | 80/131 kBProgress (3): 327 kB | 147/301 kB | 80/131 kB    Progress (3): 327 kB | 163/301 kB | 80/131 kBProgress (3): 327 kB | 180/301 kB | 80/131 kBProgress (3): 327 kB | 196/301 kB | 80/131 kBProgress (3): 327 kB | 196/301 kB | 96/131 kBProgress (3): 327 kB | 212/301 kB | 96/131 kBProgress (3): 327 kB | 212/301 kB | 112/131 kB                                              Downloaded from central: https://repo.maven.apache.org/maven2/commons-io/commons-io/2.11.0/commons-io-2.11.0.jar (327 kB at 3.0 MB/s)
Progress (2): 212/301 kB | 129/131 kBProgress (2): 212/301 kB | 131 kB                                     Downloaded from central: https://repo.maven.apache.org/maven2/org/jacoco/org.jacoco.report/0.8.11/org.jacoco.report-0.8.11.jar (131 kB at 1.2 MB/s)
Progress (1): 229/301 kBProgress (1): 245/301 kBProgress (1): 262/301 kBProgress (1): 278/301 kBProgress (1): 294/301 kBProgress (1): 301 kB                        Downloaded from central: https://repo.maven.apache.org/maven2/org/jacoco/org.jacoco.agent/0.8.11/org.jacoco.agent-0.8.11-runtime.jar (301 kB at 2.5 MB/s)
Progress (1): 16/52 kBProgress (1): 32/52 kBProgress (1): 49/52 kBProgress (1): 52 kB                      Downloaded from central: https://repo.maven.apache.org/maven2/org/ow2/asm/asm-tree/9.6/asm-tree-9.6.jar (52 kB at 181 kB/s)
[INFO] argLine set to -javaagent:/home/runner/.m2/repository/org/jacoco/org.jacoco.agent/0.8.11/org.jacoco.agent-0.8.11-runtime.jar=destfile=/home/runner/work/KebabCase/KebabCase/target/jacoco.exec
[INFO] 
[INFO] --- resources:3.3.1:resources (default-resources) @ KebabCase ---
Downloading from central: https://repo.maven.apache.org/maven2/org/codehaus/plexus/plexus-utils/3.5.1/plexus-utils-3.5.1.pom
Progress (1): 8.8 kB                    Downloaded from central: https://repo.maven.apache.org/maven2/org/codehaus/plexus/plexus-utils/3.5.1/plexus-utils-3.5.1.pom (8.8 kB at 1.5 MB/s)
Downloading from central: https://repo.maven.apache.org/maven2/org/codehaus/plexus/plexus/10/plexus-10.pom
Progress (1): 16/25 kBProgress (1): 25 kB                      Downloaded from central: https://repo.maven.apache.org/maven2/org/codehaus/plexus/plexus/10/plexus-10.pom (25 kB at 5.1 MB/s)
Downloading from central: https://repo.maven.apache.org/maven2/org/apache/maven/shared/maven-filtering/3.3.1/maven-filtering-3.3.1.pom
Progress (1): 6.0 kB                    Downloaded from central: https://repo.maven.apache.org/maven2/org/apache/maven/shared/maven-filtering/3.3.1/maven-filtering-3.3.1.pom (6.0 kB at 1.2 MB/s)
Downloading from central: https://repo.maven.apache.org/maven2/org/sonatype/plexus/plexus-build-api/0.0.7/plexus-build-api-0.0.7.pom
Progress (1): 3.2 kB                    Downloaded from central: https://repo.maven.apache.org/maven2/org/sonatype/plexus/plexus-build-api/0.0.7/plexus-build-api-0.0.7.pom (3.2 kB at 534 kB/s)
Downloading from central: https://repo.maven.apache.org/maven2/org/sonatype/spice/spice-parent/15/spice-parent-15.pom
Progress (1): 8.4 kB                    Downloaded from central: https://repo.maven.apache.org/maven2/org/sonatype/spice/spice-parent/15/spice-parent-15.pom (8.4 kB at 1.7 MB/s)
Downloading from central: https://repo.maven.apache.org/maven2/org/sonatype/forge/forge-parent/5/forge-parent-5.pom
Progress (1): 8.4 kB                    Downloaded from central: https://repo.maven.apache.org/maven2/org/sonatype/forge/forge-parent/5/forge-parent-5.pom (8.4 kB at 1.7 MB/s)
Downloading from central: https://repo.maven.apache.org/maven2/org/codehaus/plexus/plexus-utils/3.5.0/plexus-utils-3.5.0.pom
Progress (1): 8.0 kB                    Downloaded from central: https://repo.maven.apache.org/maven2/org/codehaus/plexus/plexus-utils/3.5.0/plexus-utils-3.5.0.pom (8.0 kB at 2.0 MB/s)
Downloading from central: https://repo.maven.apache.org/maven2/org/apache/commons/commons-lang3/3.12.0/commons-lang3-3.12.0.pom
Progress (1): 16/31 kBProgress (1): 31 kB                      Downloaded from central: https://repo.maven.apache.org/maven2/org/apache/commons/commons-lang3/3.12.0/commons-lang3-3.12.0.pom (31 kB at 5.1 MB/s)
Downloading from central: https://repo.maven.apache.org/maven2/org/junit/junit-bom/5.7.1/junit-bom-5.7.1.pom
Progress (1): 5.1 kB                    Downloaded from central: https://repo.maven.apache.org/maven2/org/junit/junit-bom/5.7.1/junit-bom-5.7.1.pom (5.1 kB at 1.0 MB/s)
Downloading from central: https://repo.maven.apache.org/maven2/org/codehaus/plexus/plexus-utils/3.5.1/plexus-utils-3.5.1.jar
Progress (1): 16/269 kBProgress (1): 32/269 kBProgress (1): 49/269 kBProgress (1): 65/269 kBProgress (1): 78/269 kBProgress (1): 94/269 kBProgress (1): 111/269 kBProgress (1): 127/269 kBProgress (1): 144/269 kBProgress (1): 160/269 kBProgress (1): 176/269 kBProgress (1): 193/269 kBProgress (1): 209/269 kBProgress (1): 226/269 kBProgress (1): 242/269 kBProgress (1): 258/269 kBProgress (1): 269 kB                        Downloaded from central: https://repo.maven.apache.org/maven2/org/codehaus/plexus/plexus-utils/3.5.1/plexus-utils-3.5.1.jar (269 kB at 27 MB/s)
Downloading from central: https://repo.maven.apache.org/maven2/org/apache/maven/shared/maven-filtering/3.3.1/maven-filtering-3.3.1.jar
Downloading from central: https://repo.maven.apache.org/maven2/org/sonatype/plexus/plexus-build-api/0.0.7/plexus-build-api-0.0.7.jar
Downloading from central: https://repo.maven.apache.org/maven2/org/apache/commons/commons-lang3/3.12.0/commons-lang3-3.12.0.jar
Progress (1): 16/55 kBProgress (1): 33/55 kBProgress (1): 49/55 kBProgress (1): 55 kB                      Downloaded from central: https://repo.maven.apache.org/maven2/org/apache/maven/shared/maven-filtering/3.3.1/maven-filtering-3.3.1.jar (55 kB at 9.2 MB/s)
Progress (1): 16/587 kBProgress (1): 33/587 kBProgress (1): 49/587 kBProgress (1): 62/587 kBProgress (1): 79/587 kBProgress (1): 95/587 kBProgress (1): 112/587 kBProgress (1): 128/587 kBProgress (1): 144/587 kBProgress (1): 161/587 kBProgress (1): 177/587 kBProgress (1): 194/587 kBProgress (1): 210/587 kBProgress (1): 226/587 kBProgress (2): 226/587 kB | 8.5 kB                                 Downloaded from central: https://repo.maven.apache.org/maven2/org/sonatype/plexus/plexus-build-api/0.0.7/plexus-build-api-0.0.7.jar (8.5 kB at 530 kB/s)
Progress (1): 243/587 kBProgress (1): 259/587 kBProgress (1): 275/587 kBProgress (1): 292/587 kBProgress (1): 308/587 kBProgress (1): 325/587 kBProgress (1): 341/587 kBProgress (1): 357/587 kBProgress (1): 374/587 kBProgress (1): 390/587 kBProgress (1): 406/587 kBProgress (1): 423/587 kBProgress (1): 439/587 kBProgress (1): 456/587 kBProgress (1): 472/587 kBProgress (1): 488/587 kBProgress (1): 505/587 kBProgress (1): 521/587 kBProgress (1): 538/587 kBProgress (1): 554/587 kBProgress (1): 570/587 kBProgress (1): 587/587 kBProgress (1): 587 kB                        Downloaded from central: https://repo.maven.apache.org/maven2/org/apache/commons/commons-lang3/3.12.0/commons-lang3-3.12.0.jar (587 kB at 24 MB/s)
[INFO] Copying 1 resource from src/main/resources to target/classes
[INFO] Copying 0 resource from src/main/resources to target/classes
[INFO] 
[INFO] --- compiler:3.13.0:compile (default-compile) @ KebabCase ---
Downloading from central: https://repo.maven.apache.org/maven2/org/apache/maven/shared/maven-shared-incremental/1.1/maven-shared-incremental-1.1.pom
Progress (1): 4.7 kB                    Downloaded from central: https://repo.maven.apache.org/maven2/org/apache/maven/shared/maven-shared-incremental/1.1/maven-shared-incremental-1.1.pom (4.7 kB at 948 kB/s)
Downloading from central: https://repo.maven.apache.org/maven2/org/apache/maven/shared/maven-shared-components/19/maven-shared-components-19.pom
Progress (1): 6.4 kB                    Downloaded from central: https://repo.maven.apache.org/maven2/org/apache/maven/shared/maven-shared-components/19/maven-shared-components-19.pom (6.4 kB at 1.3 MB/s)
Downloading from central: https://repo.maven.apache.org/maven2/org/codehaus/plexus/plexus-java/1.2.0/plexus-java-1.2.0.pom
Progress (1): 4.3 kB                    Downloaded from central: https://repo.maven.apache.org/maven2/org/codehaus/plexus/plexus-java/1.2.0/plexus-java-1.2.0.pom (4.3 kB at 855 kB/s)
Downloading from central: https://repo.maven.apache.org/maven2/org/codehaus/plexus/plexus-languages/1.2.0/plexus-languages-1.2.0.pom
Progress (1): 3.2 kB                    Downloaded from central: https://repo.maven.apache.org/maven2/org/codehaus/plexus/plexus-languages/1.2.0/plexus-languages-1.2.0.pom (3.2 kB at 798 kB/s)
Downloading from central: https://repo.maven.apache.org/maven2/org/codehaus/plexus/plexus/15/plexus-15.pom
Progress (1): 16/28 kBProgress (1): 28 kB                      Downloaded from central: https://repo.maven.apache.org/maven2/org/codehaus/plexus/plexus/15/plexus-15.pom (28 kB at 5.6 MB/s)
Downloading from central: https://repo.maven.apache.org/maven2/com/thoughtworks/qdox/qdox/2.0.3/qdox-2.0.3.pom
Progress (1): 16/17 kBProgress (1): 17 kB                      Downloaded from central: https://repo.maven.apache.org/maven2/com/thoughtworks/qdox/qdox/2.0.3/qdox-2.0.3.pom (17 kB at 3.4 MB/s)
Downloading from central: https://repo.maven.apache.org/maven2/org/codehaus/plexus/plexus-compiler-api/2.15.0/plexus-compiler-api-2.15.0.pom
Progress (1): 1.4 kB                    Downloaded from central: https://repo.maven.apache.org/maven2/org/codehaus/plexus/plexus-compiler-api/2.15.0/plexus-compiler-api-2.15.0.pom (1.4 kB at 272 kB/s)
Downloading from central: https://repo.maven.apache.org/maven2/org/codehaus/plexus/plexus-compiler/2.15.0/plexus-compiler-2.15.0.pom
Progress (1): 7.6 kB                    Downloaded from central: https://repo.maven.apache.org/maven2/org/codehaus/plexus/plexus-compiler/2.15.0/plexus-compiler-2.15.0.pom (7.6 kB at 1.5 MB/s)
Downloading from central: https://repo.maven.apache.org/maven2/org/codehaus/plexus/plexus-utils/4.0.0/plexus-utils-4.0.0.pom
Progress (1): 8.7 kB                    Downloaded from central: https://repo.maven.apache.org/maven2/org/codehaus/plexus/plexus-utils/4.0.0/plexus-utils-4.0.0.pom (8.7 kB at 1.7 MB/s)
Downloading from central: https://repo.maven.apache.org/maven2/org/codehaus/plexus/plexus/13/plexus-13.pom
Progress (1): 16/27 kBProgress (1): 27 kB                      Downloaded from central: https://repo.maven.apache.org/maven2/org/codehaus/plexus/plexus/13/plexus-13.pom (27 kB at 5.5 MB/s)
Downloading from central: https://repo.maven.apache.org/maven2/org/junit/junit-bom/5.9.3/junit-bom-5.9.3.pom
Progress (1): 5.6 kB                    Downloaded from central: https://repo.maven.apache.org/maven2/org/junit/junit-bom/5.9.3/junit-bom-5.9.3.pom (5.6 kB at 1.1 MB/s)
Downloading from central: https://repo.maven.apache.org/maven2/org/codehaus/plexus/plexus-compiler-manager/2.15.0/plexus-compiler-manager-2.15.0.pom
Progress (1): 1.3 kB                    Downloaded from central: https://repo.maven.apache.org/maven2/org/codehaus/plexus/plexus-compiler-manager/2.15.0/plexus-compiler-manager-2.15.0.pom (1.3 kB at 225 kB/s)
Downloading from central: https://repo.maven.apache.org/maven2/org/codehaus/plexus/plexus-xml/3.0.0/plexus-xml-3.0.0.pom
Progress (1): 3.7 kB                    Downloaded from central: https://repo.maven.apache.org/maven2/org/codehaus/plexus/plexus-xml/3.0.0/plexus-xml-3.0.0.pom (3.7 kB at 748 kB/s)
Downloading from central: https://repo.maven.apache.org/maven2/org/codehaus/plexus/plexus-compiler-javac/2.15.0/plexus-compiler-javac-2.15.0.pom
Progress (1): 1.3 kB                    Downloaded from central: https://repo.maven.apache.org/maven2/org/codehaus/plexus/plexus-compiler-javac/2.15.0/plexus-compiler-javac-2.15.0.pom (1.3 kB at 215 kB/s)
Downloading from central: https://repo.maven.apache.org/maven2/org/codehaus/plexus/plexus-compilers/2.15.0/plexus-compilers-2.15.0.pom
Progress (1): 1.6 kB                    Downloaded from central: https://repo.maven.apache.org/maven2/org/codehaus/plexus/plexus-compilers/2.15.0/plexus-compilers-2.15.0.pom (1.6 kB at 392 kB/s)
Downloading from central: https://repo.maven.apache.org/maven2/org/apache/maven/shared/maven-shared-incremental/1.1/maven-shared-incremental-1.1.jar
Progress (1): 14 kB                   Downloaded from central: https://repo.maven.apache.org/maven2/org/apache/maven/shared/maven-shared-incremental/1.1/maven-shared-incremental-1.1.jar (14 kB at 2.7 MB/s)
Downloading from central: https://repo.maven.apache.org/maven2/com/thoughtworks/qdox/qdox/2.0.3/qdox-2.0.3.jar
Downloading from central: https://repo.maven.apache.org/maven2/org/codehaus/plexus/plexus-java/1.2.0/plexus-java-1.2.0.jar
Downloading from central: https://repo.maven.apache.org/maven2/org/codehaus/plexus/plexus-compiler-api/2.15.0/plexus-compiler-api-2.15.0.jar
Downloading from central: https://repo.maven.apache.org/maven2/org/codehaus/plexus/plexus-compiler-manager/2.15.0/plexus-compiler-manager-2.15.0.jar
Downloading from central: https://repo.maven.apache.org/maven2/org/codehaus/plexus/plexus-xml/3.0.0/plexus-xml-3.0.0.jar
Progress (1): 16/58 kBProgress (1): 33/58 kBProgress (1): 49/58 kBProgress (1): 58 kB                      Downloaded from central: https://repo.maven.apache.org/maven2/org/codehaus/plexus/plexus-java/1.2.0/plexus-java-1.2.0.jar (58 kB at 12 MB/s)
Downloading from central: https://repo.maven.apache.org/maven2/org/codehaus/plexus/plexus-compiler-javac/2.15.0/plexus-compiler-javac-2.15.0.jar
Progress (1): 16/334 kBProgress (2): 16/334 kB | 16/29 kBProgress (2): 32/334 kB | 16/29 kBProgress (2): 32/334 kB | 29 kB   Progress (2): 49/334 kB | 29 kBProgress (2): 65/334 kB | 29 kB                               Downloaded from central: https://repo.maven.apache.org/maven2/org/codehaus/plexus/plexus-compiler-api/2.15.0/plexus-compiler-api-2.15.0.jar (29 kB at 4.2 MB/s)
Progress (1): 81/334 kBProgress (1): 97/334 kBProgress (1): 114/334 kBProgress (1): 130/334 kB                        Downloading from central: https://repo.maven.apache.org/maven2/org/codehaus/plexus/plexus-utils/4.0.0/plexus-utils-4.0.0.jar
Progress (1): 146/334 kBProgress (1): 163/334 kBProgress (1): 179/334 kBProgress (1): 196/334 kBProgress (2): 196/334 kB | 5.2 kBProgress (2): 212/334 kB | 5.2 kBProgress (2): 228/334 kB | 5.2 kB                                 Downloaded from central: https://repo.maven.apache.org/maven2/org/codehaus/plexus/plexus-compiler-manager/2.15.0/plexus-compiler-manager-2.15.0.jar (5.2 kB at 523 kB/s)
Progress (1): 245/334 kBProgress (1): 261/334 kBProgress (1): 278/334 kBProgress (2): 278/334 kB | 16/26 kBProgress (2): 294/334 kB | 16/26 kBProgress (2): 294/334 kB | 26 kB   Progress (2): 310/334 kB | 26 kBProgress (2): 327/334 kB | 26 kB                                Downloaded from central: https://repo.maven.apache.org/maven2/org/codehaus/plexus/plexus-compiler-javac/2.15.0/plexus-compiler-javac-2.15.0.jar (26 kB at 2.9 MB/s)
Progress (1): 334 kBProgress (2): 334 kB | 15/192 kBProgress (2): 334 kB | 31/192 kBProgress (2): 334 kB | 48/192 kBProgress (2): 334 kB | 64/192 kBProgress (2): 334 kB | 81/192 kBProgress (2): 334 kB | 97/192 kBProgress (2): 334 kB | 113/192 kBProgress (3): 334 kB | 113/192 kB | 16/93 kB                                            Downloaded from central: https://repo.maven.apache.org/maven2/com/thoughtworks/qdox/qdox/2.0.3/qdox-2.0.3.jar (334 kB at 21 MB/s)
Progress (2): 130/192 kB | 16/93 kBProgress (2): 130/192 kB | 32/93 kBProgress (2): 146/192 kB | 32/93 kBProgress (2): 162/192 kB | 32/93 kBProgress (2): 179/192 kB | 32/93 kBProgress (2): 192 kB | 32/93 kB    Progress (2): 192 kB | 49/93 kBProgress (2): 192 kB | 65/93 kB                               Downloaded from central: https://repo.maven.apache.org/maven2/org/codehaus/plexus/plexus-utils/4.0.0/plexus-utils-4.0.0.jar (192 kB at 13 MB/s)
Progress (1): 81/93 kBProgress (1): 93 kB                      Downloaded from central: https://repo.maven.apache.org/maven2/org/codehaus/plexus/plexus-xml/3.0.0/plexus-xml-3.0.0.jar (93 kB at 5.5 MB/s)
[INFO] Recompiling the module because of changed source code.
[INFO] Compiling 34 source files with javac [debug parameters release 17] to target/classes
[INFO] 
[INFO] --- resources:3.3.1:testResources (default-testResources) @ KebabCase ---
[INFO] skip non existing resourceDirectory /home/runner/work/KebabCase/KebabCase/src/test/resources
[INFO] 
[INFO] --- compiler:3.13.0:testCompile (default-testCompile) @ KebabCase ---
[INFO] Recompiling the module because of changed dependency.
[INFO] Compiling 14 source files with javac [debug parameters release 17] to target/test-classes
[INFO] /home/runner/work/KebabCase/KebabCase/src/test/java/dev/coms4156/project/kebabcase/UserControllerUnitTests.java: /home/runner/work/KebabCase/KebabCase/src/test/java/dev/coms4156/project/kebabcase/UserControllerUnitTests.java uses or overrides a deprecated API.
[INFO] /home/runner/work/KebabCase/KebabCase/src/test/java/dev/coms4156/project/kebabcase/UserControllerUnitTests.java: Recompile with -Xlint:deprecation for details.
[INFO] /home/runner/work/KebabCase/KebabCase/src/test/java/dev/coms4156/project/kebabcase/BuildingControllerUnitTests.java: Some input files use unchecked or unsafe operations.
[INFO] /home/runner/work/KebabCase/KebabCase/src/test/java/dev/coms4156/project/kebabcase/BuildingControllerUnitTests.java: Recompile with -Xlint:unchecked for details.
[INFO] 
[INFO] --- surefire:3.5.2:test (default-test) @ KebabCase ---
Downloading from central: https://repo.maven.apache.org/maven2/org/apache/maven/surefire/surefire-api/3.5.2/surefire-api-3.5.2.pom
Progress (1): 3.5 kB                    Downloaded from central: https://repo.maven.apache.org/maven2/org/apache/maven/surefire/surefire-api/3.5.2/surefire-api-3.5.2.pom (3.5 kB at 588 kB/s)
Downloading from central: https://repo.maven.apache.org/maven2/org/apache/maven/surefire/surefire-logger-api/3.5.2/surefire-logger-api-3.5.2.pom
Progress (1): 3.3 kB                    Downloaded from central: https://repo.maven.apache.org/maven2/org/apache/maven/surefire/surefire-logger-api/3.5.2/surefire-logger-api-3.5.2.pom (3.3 kB at 652 kB/s)
Downloading from central: https://repo.maven.apache.org/maven2/org/apache/maven/surefire/surefire-shared-utils/3.5.2/surefire-shared-utils-3.5.2.pom
Progress (1): 4.7 kB                    Downloaded from central: https://repo.maven.apache.org/maven2/org/apache/maven/surefire/surefire-shared-utils/3.5.2/surefire-shared-utils-3.5.2.pom (4.7 kB at 938 kB/s)
Downloading from central: https://repo.maven.apache.org/maven2/org/apache/maven/surefire/surefire-extensions-api/3.5.2/surefire-extensions-api-3.5.2.pom
Progress (1): 3.5 kB                    Downloaded from central: https://repo.maven.apache.org/maven2/org/apache/maven/surefire/surefire-extensions-api/3.5.2/surefire-extensions-api-3.5.2.pom (3.5 kB at 880 kB/s)
Downloading from central: https://repo.maven.apache.org/maven2/org/apache/maven/surefire/maven-surefire-common/3.5.2/maven-surefire-common-3.5.2.pom
Progress (1): 7.8 kB                    Downloaded from central: https://repo.maven.apache.org/maven2/org/apache/maven/surefire/maven-surefire-common/3.5.2/maven-surefire-common-3.5.2.pom (7.8 kB at 1.6 MB/s)
Downloading from central: https://repo.maven.apache.org/maven2/org/apache/maven/surefire/surefire-booter/3.5.2/surefire-booter-3.5.2.pom
Progress (1): 4.8 kB                    Downloaded from central: https://repo.maven.apache.org/maven2/org/apache/maven/surefire/surefire-booter/3.5.2/surefire-booter-3.5.2.pom (4.8 kB at 1.2 MB/s)
Downloading from central: https://repo.maven.apache.org/maven2/org/apache/maven/surefire/surefire-extensions-spi/3.5.2/surefire-extensions-spi-3.5.2.pom
Progress (1): 1.8 kB                    Downloaded from central: https://repo.maven.apache.org/maven2/org/apache/maven/surefire/surefire-extensions-spi/3.5.2/surefire-extensions-spi-3.5.2.pom (1.8 kB at 352 kB/s)
Downloading from central: https://repo.maven.apache.org/maven2/org/codehaus/plexus/plexus-java/1.3.0/plexus-java-1.3.0.pom
Progress (1): 14 kB                   Downloaded from central: https://repo.maven.apache.org/maven2/org/codehaus/plexus/plexus-java/1.3.0/plexus-java-1.3.0.pom (14 kB at 3.4 MB/s)
Downloading from central: https://repo.maven.apache.org/maven2/org/ow2/asm/asm/9.7/asm-9.7.pom
Progress (1): 2.4 kB                    Downloaded from central: https://repo.maven.apache.org/maven2/org/ow2/asm/asm/9.7/asm-9.7.pom (2.4 kB at 592 kB/s)
Downloading from central: https://repo.maven.apache.org/maven2/com/thoughtworks/qdox/qdox/2.1.0/qdox-2.1.0.pom
Progress (1): 16/18 kBProgress (1): 18 kB                      Downloaded from central: https://repo.maven.apache.org/maven2/com/thoughtworks/qdox/qdox/2.1.0/qdox-2.1.0.pom (18 kB at 3.5 MB/s)
Downloading from central: https://repo.maven.apache.org/maven2/org/apache/maven/surefire/surefire-api/3.5.2/surefire-api-3.5.2.jar
Progress (1): 16/171 kBProgress (1): 33/171 kBProgress (1): 49/171 kBProgress (1): 62/171 kBProgress (1): 78/171 kBProgress (1): 95/171 kBProgress (1): 111/171 kBProgress (1): 128/171 kBProgress (1): 144/171 kBProgress (1): 160/171 kBProgress (1): 171 kB                        Downloaded from central: https://repo.maven.apache.org/maven2/org/apache/maven/surefire/surefire-api/3.5.2/surefire-api-3.5.2.jar (171 kB at 14 MB/s)
Downloading from central: https://repo.maven.apache.org/maven2/org/apache/maven/surefire/surefire-logger-api/3.5.2/surefire-logger-api-3.5.2.jar
Downloading from central: https://repo.maven.apache.org/maven2/org/apache/maven/surefire/surefire-extensions-api/3.5.2/surefire-extensions-api-3.5.2.jar
Downloading from central: https://repo.maven.apache.org/maven2/org/apache/maven/surefire/surefire-shared-utils/3.5.2/surefire-shared-utils-3.5.2.jar
Downloading from central: https://repo.maven.apache.org/maven2/org/apache/maven/surefire/maven-surefire-common/3.5.2/maven-surefire-common-3.5.2.jar
Downloading from central: https://repo.maven.apache.org/maven2/org/apache/maven/surefire/surefire-booter/3.5.2/surefire-booter-3.5.2.jar
Progress (1): 14 kB                   Downloaded from central: https://repo.maven.apache.org/maven2/org/apache/maven/surefire/surefire-logger-api/3.5.2/surefire-logger-api-3.5.2.jar (14 kB at 1.7 MB/s)
Downloading from central: https://repo.maven.apache.org/maven2/org/apache/maven/surefire/surefire-extensions-spi/3.5.2/surefire-extensions-spi-3.5.2.jar
Progress (1): 16/311 kBProgress (2): 16/311 kB | 16/26 kBProgress (2): 16/311 kB | 26 kB   Progress (2): 33/311 kB | 26 kB                               Downloaded from central: https://repo.maven.apache.org/maven2/org/apache/maven/surefire/surefire-extensions-api/3.5.2/surefire-extensions-api-3.5.2.jar (26 kB at 2.9 MB/s)
Downloading from central: https://repo.maven.apache.org/maven2/org/codehaus/plexus/plexus-java/1.3.0/plexus-java-1.3.0.jar
Progress (1): 49/311 kBProgress (2): 49/311 kB | 0/2.8 MBProgress (2): 63/311 kB | 0/2.8 MBProgress (2): 63/311 kB | 0/2.8 MBProgress (2): 79/311 kB | 0/2.8 MBProgress (3): 79/311 kB | 0/2.8 MB | 8.2 kBProgress (3): 79/311 kB | 0/2.8 MB | 8.2 kBProgress (3): 96/311 kB | 0/2.8 MB | 8.2 kB                                           Downloaded from central: https://repo.maven.apache.org/maven2/org/apache/maven/surefire/surefire-extensions-spi/3.5.2/surefire-extensions-spi-3.5.2.jar (8.2 kB at 745 kB/s)
Downloading from central: https://repo.maven.apache.org/maven2/org/ow2/asm/asm/9.7/asm-9.7.jar
Progress (2): 96/311 kB | 0.1/2.8 MBProgress (2): 112/311 kB | 0.1/2.8 MBProgress (2): 112/311 kB | 0.1/2.8 MBProgress (2): 129/311 kB | 0.1/2.8 MBProgress (3): 129/311 kB | 0.1/2.8 MB | 16/57 kBProgress (3): 129/311 kB | 0.1/2.8 MB | 16/57 kBProgress (3): 145/311 kB | 0.1/2.8 MB | 16/57 kBProgress (3): 145/311 kB | 0.1/2.8 MB | 33/57 kBProgress (3): 145/311 kB | 0.1/2.8 MB | 33/57 kBProgress (3): 145/311 kB | 0.1/2.8 MB | 49/57 kBProgress (3): 145/311 kB | 0.1/2.8 MB | 49/57 kBProgress (3): 145/311 kB | 0.1/2.8 MB | 57 kB                                                Downloaded from central: https://repo.maven.apache.org/maven2/org/codehaus/plexus/plexus-java/1.3.0/plexus-java-1.3.0.jar (57 kB at 4.4 MB/s)
Downloading from central: https://repo.maven.apache.org/maven2/com/thoughtworks/qdox/qdox/2.1.0/qdox-2.1.0.jar
Progress (2): 145/311 kB | 0.1/2.8 MBProgress (3): 145/311 kB | 0.1/2.8 MB | 16/125 kBProgress (3): 145/311 kB | 0.2/2.8 MB | 16/125 kBProgress (3): 145/311 kB | 0.2/2.8 MB | 33/125 kBProgress (3): 145/311 kB | 0.2/2.8 MB | 33/125 kBProgress (3): 145/311 kB | 0.2/2.8 MB | 49/125 kBProgress (3): 145/311 kB | 0.2/2.8 MB | 49/125 kBProgress (3): 145/311 kB | 0.2/2.8 MB | 66/125 kBProgress (3): 145/311 kB | 0.2/2.8 MB | 66/125 kBProgress (4): 145/311 kB | 0.2/2.8 MB | 66/125 kB | 16/118 kBProgress (4): 145/311 kB | 0.2/2.8 MB | 82/125 kB | 16/118 kBProgress (4): 145/311 kB | 0.2/2.8 MB | 82/125 kB | 16/118 kBProgress (4): 145/311 kB | 0.2/2.8 MB | 82/125 kB | 33/118 kBProgress (4): 145/311 kB | 0.2/2.8 MB | 98/125 kB | 33/118 kBProgress (4): 145/311 kB | 0.2/2.8 MB | 98/125 kB | 33/118 kBProgress (4): 145/311 kB | 0.2/2.8 MB | 98/125 kB | 48/118 kBProgress (4): 145/311 kB | 0.2/2.8 MB | 115/125 kB | 48/118 kBProgress (4): 145/311 kB | 0.2/2.8 MB | 115/125 kB | 64/118 kBProgress (4): 145/311 kB | 0.2/2.8 MB | 125 kB | 64/118 kB    Progress (4): 145/311 kB | 0.2/2.8 MB | 125 kB | 81/118 kB                                                          Downloaded from central: https://repo.maven.apache.org/maven2/org/ow2/asm/asm/9.7/asm-9.7.jar (125 kB at 6.3 MB/s)
Progress (3): 145/311 kB | 0.2/2.8 MB | 93/118 kBProgress (4): 145/311 kB | 0.2/2.8 MB | 93/118 kB | 16/348 kBProgress (4): 145/311 kB | 0.2/2.8 MB | 110/118 kB | 16/348 kBProgress (4): 145/311 kB | 0.2/2.8 MB | 110/118 kB | 33/348 kBProgress (4): 145/311 kB | 0.2/2.8 MB | 118 kB | 33/348 kB    Progress (4): 145/311 kB | 0.2/2.8 MB | 118 kB | 49/348 kB                                                          Downloaded from central: https://repo.maven.apache.org/maven2/org/apache/maven/surefire/surefire-booter/3.5.2/surefire-booter-3.5.2.jar (118 kB at 4.9 MB/s)
Progress (3): 145/311 kB | 0.2/2.8 MB | 66/348 kBProgress (3): 145/311 kB | 0.2/2.8 MB | 82/348 kBProgress (3): 145/311 kB | 0.2/2.8 MB | 98/348 kBProgress (3): 145/311 kB | 0.2/2.8 MB | 115/348 kBProgress (3): 145/311 kB | 0.2/2.8 MB | 131/348 kBProgress (3): 145/311 kB | 0.2/2.8 MB | 147/348 kBProgress (3): 145/311 kB | 0.2/2.8 MB | 164/348 kBProgress (3): 145/311 kB | 0.2/2.8 MB | 180/348 kBProgress (3): 145/311 kB | 0.2/2.8 MB | 197/348 kBProgress (3): 145/311 kB | 0.2/2.8 MB | 213/348 kBProgress (3): 145/311 kB | 0.2/2.8 MB | 229/348 kBProgress (3): 145/311 kB | 0.2/2.8 MB | 246/348 kBProgress (3): 145/311 kB | 0.2/2.8 MB | 256/348 kBProgress (3): 145/311 kB | 0.2/2.8 MB | 272/348 kBProgress (3): 145/311 kB | 0.2/2.8 MB | 289/348 kBProgress (3): 161/311 kB | 0.2/2.8 MB | 289/348 kBProgress (3): 161/311 kB | 0.3/2.8 MB | 289/348 kBProgress (3): 178/311 kB | 0.3/2.8 MB | 289/348 kBProgress (3): 178/311 kB | 0.3/2.8 MB | 289/348 kBProgress (3): 194/311 kB | 0.3/2.8 MB | 289/348 kBProgress (3): 194/311 kB | 0.3/2.8 MB | 289/348 kBProgress (3): 211/311 kB | 0.3/2.8 MB | 289/348 kBProgress (3): 211/311 kB | 0.3/2.8 MB | 289/348 kBProgress (3): 227/311 kB | 0.3/2.8 MB | 289/348 kBProgress (3): 227/311 kB | 0.3/2.8 MB | 289/348 kBProgress (3): 243/311 kB | 0.3/2.8 MB | 289/348 kBProgress (3): 243/311 kB | 0.3/2.8 MB | 289/348 kBProgress (3): 260/311 kB | 0.3/2.8 MB | 289/348 kBProgress (3): 260/311 kB | 0.4/2.8 MB | 289/348 kBProgress (3): 276/311 kB | 0.4/2.8 MB | 289/348 kBProgress (3): 276/311 kB | 0.4/2.8 MB | 289/348 kBProgress (3): 292/311 kB | 0.4/2.8 MB | 289/348 kBProgress (3): 292/311 kB | 0.4/2.8 MB | 289/348 kBProgress (3): 309/311 kB | 0.4/2.8 MB | 289/348 kBProgress (3): 309/311 kB | 0.4/2.8 MB | 289/348 kBProgress (3): 309/311 kB | 0.4/2.8 MB | 289/348 kBProgress (3): 309/311 kB | 0.4/2.8 MB | 289/348 kBProgress (3): 309/311 kB | 0.5/2.8 MB | 289/348 kBProgress (3): 309/311 kB | 0.5/2.8 MB | 289/348 kBProgress (3): 309/311 kB | 0.5/2.8 MB | 289/348 kBProgress (3): 309/311 kB | 0.5/2.8 MB | 289/348 kBProgress (3): 309/311 kB | 0.5/2.8 MB | 289/348 kBProgress (3): 309/311 kB | 0.5/2.8 MB | 289/348 kBProgress (3): 309/311 kB | 0.5/2.8 MB | 305/348 kBProgress (3): 309/311 kB | 0.5/2.8 MB | 321/348 kBProgress (3): 309/311 kB | 0.5/2.8 MB | 338/348 kBProgress (3): 309/311 kB | 0.5/2.8 MB | 348 kB                                                  Downloaded from central: https://repo.maven.apache.org/maven2/com/thoughtworks/qdox/qdox/2.1.0/qdox-2.1.0.jar (348 kB at 7.4 MB/s)
Progress (2): 309/311 kB | 0.5/2.8 MBProgress (2): 309/311 kB | 0.6/2.8 MBProgress (2): 311 kB | 0.6/2.8 MB    Progress (2): 311 kB | 0.6/2.8 MB                                 Downloaded from central: https://repo.maven.apache.org/maven2/org/apache/maven/surefire/maven-surefire-common/3.5.2/maven-surefire-common-3.5.2.jar (311 kB at 6.1 MB/s)
Progress (1): 0.6/2.8 MBProgress (1): 0.6/2.8 MBProgress (1): 0.6/2.8 MBProgress (1): 0.6/2.8 MBProgress (1): 0.6/2.8 MBProgress (1): 0.7/2.8 MBProgress (1): 0.7/2.8 MBProgress (1): 0.7/2.8 MBProgress (1): 0.7/2.8 MBProgress (1): 0.7/2.8 MBProgress (1): 0.7/2.8 MBProgress (1): 0.8/2.8 MBProgress (1): 0.8/2.8 MBProgress (1): 0.8/2.8 MBProgress (1): 0.8/2.8 MBProgress (1): 0.8/2.8 MBProgress (1): 0.8/2.8 MBProgress (1): 0.9/2.8 MBProgress (1): 0.9/2.8 MBProgress (1): 0.9/2.8 MBProgress (1): 0.9/2.8 MBProgress (1): 0.9/2.8 MBProgress (1): 0.9/2.8 MBProgress (1): 0.9/2.8 MBProgress (1): 1.0/2.8 MBProgress (1): 1.0/2.8 MBProgress (1): 1.0/2.8 MBProgress (1): 1.0/2.8 MBProgress (1): 1.0/2.8 MBProgress (1): 1.0/2.8 MBProgress (1): 1.1/2.8 MBProgress (1): 1.1/2.8 MBProgress (1): 1.1/2.8 MBProgress (1): 1.1/2.8 MBProgress (1): 1.1/2.8 MBProgress (1): 1.1/2.8 MBProgress (1): 1.2/2.8 MBProgress (1): 1.2/2.8 MBProgress (1): 1.2/2.8 MBProgress (1): 1.2/2.8 MBProgress (1): 1.2/2.8 MBProgress (1): 1.2/2.8 MBProgress (1): 1.3/2.8 MBProgress (1): 1.3/2.8 MBProgress (1): 1.3/2.8 MBProgress (1): 1.3/2.8 MBProgress (1): 1.3/2.8 MBProgress (1): 1.3/2.8 MBProgress (1): 1.4/2.8 MBProgress (1): 1.4/2.8 MBProgress (1): 1.4/2.8 MBProgress (1): 1.4/2.8 MBProgress (1): 1.4/2.8 MBProgress (1): 1.4/2.8 MBProgress (1): 1.5/2.8 MBProgress (1): 1.5/2.8 MBProgress (1): 1.5/2.8 MBProgress (1): 1.5/2.8 MBProgress (1): 1.5/2.8 MBProgress (1): 1.5/2.8 MBProgress (1): 1.6/2.8 MBProgress (1): 1.6/2.8 MBProgress (1): 1.6/2.8 MBProgress (1): 1.6/2.8 MBProgress (1): 1.6/2.8 MBProgress (1): 1.6/2.8 MBProgress (1): 1.7/2.8 MBProgress (1): 1.7/2.8 MBProgress (1): 1.7/2.8 MBProgress (1): 1.7/2.8 MBProgress (1): 1.7/2.8 MBProgress (1): 1.7/2.8 MBProgress (1): 1.8/2.8 MBProgress (1): 1.8/2.8 MBProgress (1): 1.8/2.8 MBProgress (1): 1.8/2.8 MBProgress (1): 1.8/2.8 MBProgress (1): 1.8/2.8 MBProgress (1): 1.9/2.8 MBProgress (1): 1.9/2.8 MBProgress (1): 1.9/2.8 MBProgress (1): 1.9/2.8 MBProgress (1): 1.9/2.8 MBProgress (1): 1.9/2.8 MBProgress (1): 1.9/2.8 MBProgress (1): 2.0/2.8 MBProgress (1): 2.0/2.8 MBProgress (1): 2.0/2.8 MBProgress (1): 2.0/2.8 MBProgress (1): 2.0/2.8 MBProgress (1): 2.0/2.8 MBProgress (1): 2.1/2.8 MBProgress (1): 2.1/2.8 MBProgress (1): 2.1/2.8 MBProgress (1): 2.1/2.8 MBProgress (1): 2.1/2.8 MBProgress (1): 2.1/2.8 MBProgress (1): 2.2/2.8 MBProgress (1): 2.2/2.8 MBProgress (1): 2.2/2.8 MBProgress (1): 2.2/2.8 MBProgress (1): 2.2/2.8 MBProgress (1): 2.2/2.8 MBProgress (1): 2.3/2.8 MBProgress (1): 2.3/2.8 MBProgress (1): 2.3/2.8 MBProgress (1): 2.3/2.8 MBProgress (1): 2.3/2.8 MBProgress (1): 2.3/2.8 MBProgress (1): 2.4/2.8 MBProgress (1): 2.4/2.8 MBProgress (1): 2.4/2.8 MBProgress (1): 2.4/2.8 MBProgress (1): 2.4/2.8 MBProgress (1): 2.4/2.8 MBProgress (1): 2.5/2.8 MBProgress (1): 2.5/2.8 MBProgress (1): 2.5/2.8 MBProgress (1): 2.5/2.8 MBProgress (1): 2.5/2.8 MBProgress (1): 2.5/2.8 MBProgress (1): 2.6/2.8 MBProgress (1): 2.6/2.8 MBProgress (1): 2.6/2.8 MBProgress (1): 2.6/2.8 MBProgress (1): 2.6/2.8 MBProgress (1): 2.6/2.8 MBProgress (1): 2.7/2.8 MBProgress (1): 2.7/2.8 MBProgress (1): 2.7/2.8 MBProgress (1): 2.7/2.8 MBProgress (1): 2.7/2.8 MBProgress (1): 2.7/2.8 MBProgress (1): 2.8/2.8 MBProgress (1): 2.8/2.8 MBProgress (1): 2.8/2.8 MBProgress (1): 2.8/2.8 MBProgress (1): 2.8/2.8 MBProgress (1): 2.8 MB                        Downloaded from central: https://repo.maven.apache.org/maven2/org/apache/maven/surefire/surefire-shared-utils/3.5.2/surefire-shared-utils-3.5.2.jar (2.8 MB at 27 MB/s)
[INFO] Using auto detected provider org.apache.maven.surefire.junitplatform.JUnitPlatformProvider
Downloading from central: https://repo.maven.apache.org/maven2/org/apache/maven/surefire/surefire-junit-platform/3.5.2/surefire-junit-platform-3.5.2.pom
Progress (1): 5.7 kB                    Downloaded from central: https://repo.maven.apache.org/maven2/org/apache/maven/surefire/surefire-junit-platform/3.5.2/surefire-junit-platform-3.5.2.pom (5.7 kB at 1.4 MB/s)
Downloading from central: https://repo.maven.apache.org/maven2/org/apache/maven/surefire/surefire-providers/3.5.2/surefire-providers-3.5.2.pom
Progress (1): 2.6 kB                    Downloaded from central: https://repo.maven.apache.org/maven2/org/apache/maven/surefire/surefire-providers/3.5.2/surefire-providers-3.5.2.pom (2.6 kB at 653 kB/s)
Downloading from central: https://repo.maven.apache.org/maven2/org/apache/maven/surefire/common-java5/3.5.2/common-java5-3.5.2.pom
Progress (1): 2.8 kB                    Downloaded from central: https://repo.maven.apache.org/maven2/org/apache/maven/surefire/common-java5/3.5.2/common-java5-3.5.2.pom (2.8 kB at 690 kB/s)
Downloading from central: https://repo.maven.apache.org/maven2/org/junit/platform/junit-platform-engine/1.9.3/junit-platform-engine-1.9.3.pom
Progress (1): 3.2 kB                    Downloaded from central: https://repo.maven.apache.org/maven2/org/junit/platform/junit-platform-engine/1.9.3/junit-platform-engine-1.9.3.pom (3.2 kB at 800 kB/s)
Downloading from central: https://repo.maven.apache.org/maven2/org/opentest4j/opentest4j/1.2.0/opentest4j-1.2.0.pom
Progress (1): 1.7 kB                    Downloaded from central: https://repo.maven.apache.org/maven2/org/opentest4j/opentest4j/1.2.0/opentest4j-1.2.0.pom (1.7 kB at 421 kB/s)
Downloading from central: https://repo.maven.apache.org/maven2/org/junit/platform/junit-platform-commons/1.9.3/junit-platform-commons-1.9.3.pom
Progress (1): 2.8 kB                    Downloaded from central: https://repo.maven.apache.org/maven2/org/junit/platform/junit-platform-commons/1.9.3/junit-platform-commons-1.9.3.pom (2.8 kB at 708 kB/s)
Downloading from central: https://repo.maven.apache.org/maven2/org/junit/platform/junit-platform-launcher/1.9.3/junit-platform-launcher-1.9.3.pom
Progress (1): 3.0 kB                    Downloaded from central: https://repo.maven.apache.org/maven2/org/junit/platform/junit-platform-launcher/1.9.3/junit-platform-launcher-1.9.3.pom (3.0 kB at 605 kB/s)
Downloading from central: https://repo.maven.apache.org/maven2/org/apache/maven/surefire/surefire-junit-platform/3.5.2/surefire-junit-platform-3.5.2.jar
Progress (1): 16/27 kBProgress (1): 27 kB                      Downloaded from central: https://repo.maven.apache.org/maven2/org/apache/maven/surefire/surefire-junit-platform/3.5.2/surefire-junit-platform-3.5.2.jar (27 kB at 5.5 MB/s)
Downloading from central: https://repo.maven.apache.org/maven2/org/apache/maven/surefire/common-java5/3.5.2/common-java5-3.5.2.jar
Downloading from central: https://repo.maven.apache.org/maven2/org/junit/platform/junit-platform-engine/1.9.3/junit-platform-engine-1.9.3.jar
Downloading from central: https://repo.maven.apache.org/maven2/org/opentest4j/opentest4j/1.2.0/opentest4j-1.2.0.jar
Downloading from central: https://repo.maven.apache.org/maven2/org/junit/platform/junit-platform-launcher/1.9.3/junit-platform-launcher-1.9.3.jar
Downloading from central: https://repo.maven.apache.org/maven2/org/junit/platform/junit-platform-commons/1.9.3/junit-platform-commons-1.9.3.jar
Progress (1): 16/18 kBProgress (1): 18 kB                      Downloaded from central: https://repo.maven.apache.org/maven2/org/apache/maven/surefire/common-java5/3.5.2/common-java5-3.5.2.jar (18 kB at 1.4 MB/s)
Progress (1): 7.7 kBProgress (2): 7.7 kB | 16/189 kBProgress (2): 7.7 kB | 33/189 kB                                Downloaded from central: https://repo.maven.apache.org/maven2/org/opentest4j/opentest4j/1.2.0/opentest4j-1.2.0.jar (7.7 kB at 638 kB/s)
Progress (1): 49/189 kBProgress (1): 65/189 kBProgress (1): 81/189 kBProgress (1): 97/189 kBProgress (1): 114/189 kBProgress (1): 130/189 kBProgress (2): 130/189 kB | 16/103 kBProgress (2): 147/189 kB | 16/103 kBProgress (2): 147/189 kB | 32/103 kBProgress (2): 163/189 kB | 32/103 kBProgress (2): 163/189 kB | 49/103 kBProgress (2): 179/189 kB | 49/103 kBProgress (2): 189 kB | 49/103 kB    Progress (2): 189 kB | 65/103 kBProgress (2): 189 kB | 81/103 kB                                Downloaded from central: https://repo.maven.apache.org/maven2/org/junit/platform/junit-platform-engine/1.9.3/junit-platform-engine-1.9.3.jar (189 kB at 12 MB/s)
Progress (1): 98/103 kBProgress (1): 103 kB                       Downloaded from central: https://repo.maven.apache.org/maven2/org/junit/platform/junit-platform-commons/1.9.3/junit-platform-commons-1.9.3.jar (103 kB at 6.4 MB/s)
Progress (1): 16/169 kBProgress (1): 32/169 kBProgress (1): 49/169 kBProgress (1): 65/169 kBProgress (1): 81/169 kBProgress (1): 98/169 kBProgress (1): 114/169 kBProgress (1): 130/169 kBProgress (1): 147/169 kBProgress (1): 163/169 kBProgress (1): 169 kB                        Downloaded from central: https://repo.maven.apache.org/maven2/org/junit/platform/junit-platform-launcher/1.9.3/junit-platform-launcher-1.9.3.jar (169 kB at 8.5 MB/s)
Downloading from central: https://repo.maven.apache.org/maven2/org/junit/platform/junit-platform-launcher/1.11.3/junit-platform-launcher-1.11.3.pom
Progress (1): 3.0 kB                    Downloaded from central: https://repo.maven.apache.org/maven2/org/junit/platform/junit-platform-launcher/1.11.3/junit-platform-launcher-1.11.3.pom (3.0 kB at 505 kB/s)
Downloading from central: https://repo.maven.apache.org/maven2/org/junit/platform/junit-platform-launcher/1.11.3/junit-platform-launcher-1.11.3.jar
Progress (1): 16/189 kBProgress (1): 33/189 kBProgress (1): 37/189 kBProgress (1): 53/189 kBProgress (1): 69/189 kBProgress (1): 86/189 kBProgress (1): 102/189 kBProgress (1): 119/189 kBProgress (1): 131/189 kBProgress (1): 147/189 kBProgress (1): 164/189 kBProgress (1): 180/189 kBProgress (1): 189 kB                        Downloaded from central: https://repo.maven.apache.org/maven2/org/junit/platform/junit-platform-launcher/1.11.3/junit-platform-launcher-1.11.3.jar (189 kB at 27 MB/s)
[INFO] 
[INFO] -------------------------------------------------------
[INFO]  T E S T S
[INFO] -------------------------------------------------------
[INFO] Running dev.coms4156.project.kebabcase.MySQLIntegrationTests
04:59:19.899 [main] INFO org.springframework.test.context.support.AnnotationConfigContextLoaderUtils -- Could not detect default configuration classes for test class [dev.coms4156.project.kebabcase.MySQLIntegrationTests]: MySQLIntegrationTests does not declare any static, non-private, non-final, nested classes annotated with @Configuration.
04:59:20.020 [main] INFO org.testcontainers.images.PullPolicy -- Image pull policy will be performed by: DefaultPullPolicy()
04:59:20.026 [main] INFO org.testcontainers.utility.ImageNameSubstitutor -- Image name substitution will be performed by: DefaultImageNameSubstitutor (composite of 'ConfigurationFileImageNameSubstitutor' and 'PrefixingImageNameSubstitutor')
04:59:20.079 [main] INFO org.testcontainers.DockerClientFactory -- Testcontainers version: 1.20.4
04:59:21.049 [main] INFO org.testcontainers.dockerclient.DockerClientProviderStrategy -- Found Docker environment with local Unix socket (unix:///var/run/docker.sock)
04:59:21.057 [main] INFO org.testcontainers.DockerClientFactory -- Docker host IP address is localhost
04:59:21.081 [main] INFO org.testcontainers.DockerClientFactory -- Connected to docker: 
  Server Version: 26.1.3
  API Version: 1.45
  Operating System: Ubuntu 22.04.5 LTS
  Total Memory: 15981 MB
04:59:21.141 [main] INFO tc.testcontainers/ryuk:0.11.0 -- Pulling docker image: testcontainers/ryuk:0.11.0. Please be patient; this may take some time but only needs to be done once.
04:59:21.628 [docker-java-stream--1295187651] INFO tc.testcontainers/ryuk:0.11.0 -- Starting to pull image
04:59:21.662 [docker-java-stream--1295187651] INFO tc.testcontainers/ryuk:0.11.0 -- Pulling image layers:  0 pending,  0 downloaded,  0 extracted, (0 bytes/0 bytes)
04:59:21.858 [docker-java-stream--1295187651] INFO tc.testcontainers/ryuk:0.11.0 -- Pulling image layers:  2 pending,  1 downloaded,  0 extracted, (116 KB/? MB)
04:59:21.876 [docker-java-stream--1295187651] INFO tc.testcontainers/ryuk:0.11.0 -- Pulling image layers:  1 pending,  2 downloaded,  0 extracted, (906 KB/? MB)
04:59:21.887 [docker-java-stream--1295187651] INFO tc.testcontainers/ryuk:0.11.0 -- Pulling image layers:  0 pending,  3 downloaded,  0 extracted, (906 KB/10 MB)
04:59:21.995 [docker-java-stream--1295187651] INFO tc.testcontainers/ryuk:0.11.0 -- Pulling image layers:  0 pending,  3 downloaded,  1 extracted, (4 MB/10 MB)
04:59:22.134 [docker-java-stream--1295187651] INFO tc.testcontainers/ryuk:0.11.0 -- Pulling image layers:  0 pending,  3 downloaded,  2 extracted, (4 MB/10 MB)
04:59:22.366 [docker-java-stream--1295187651] INFO tc.testcontainers/ryuk:0.11.0 -- Pulling image layers:  0 pending,  3 downloaded,  3 extracted, (10 MB/10 MB)
04:59:22.375 [main] INFO tc.testcontainers/ryuk:0.11.0 -- Image testcontainers/ryuk:0.11.0 pull took PT1.233884676S
04:59:22.410 [main] INFO tc.testcontainers/ryuk:0.11.0 -- Creating container for image: testcontainers/ryuk:0.11.0
04:59:22.513 [main] INFO tc.testcontainers/ryuk:0.11.0 -- Container testcontainers/ryuk:0.11.0 is starting: cb1939b9457d8ff02104de3d537367f204c4012e3bcec844802828e3ba30a2f6
04:59:22.946 [main] INFO tc.testcontainers/ryuk:0.11.0 -- Container testcontainers/ryuk:0.11.0 started in PT0.536004293S
04:59:22.951 [main] INFO org.testcontainers.utility.RyukResourceReaper -- Ryuk started - will monitor and terminate Testcontainers containers on JVM exit
04:59:22.951 [main] INFO org.testcontainers.DockerClientFactory -- Checking the system...
04:59:22.952 [main] INFO org.testcontainers.DockerClientFactory -- ✔︎ Docker server version should be at least 1.6.0
04:59:22.955 [main] INFO tc.mysql:8.0 -- Pulling docker image: mysql:8.0. Please be patient; this may take some time but only needs to be done once.
04:59:23.327 [docker-java-stream--1621393103] INFO tc.mysql:8.0 -- Starting to pull image
04:59:23.328 [docker-java-stream--1621393103] INFO tc.mysql:8.0 -- Pulling image layers:  0 pending,  0 downloaded,  0 extracted, (0 bytes/0 bytes)
04:59:23.547 [docker-java-stream--1621393103] INFO tc.mysql:8.0 -- Pulling image layers: 10 pending,  1 downloaded,  0 extracted, (721 bytes/? MB)
04:59:23.575 [docker-java-stream--1621393103] INFO tc.mysql:8.0 -- Pulling image layers:  9 pending,  2 downloaded,  0 extracted, (490 KB/? MB)
04:59:23.687 [docker-java-stream--1621393103] INFO tc.mysql:8.0 -- Pulling image layers:  8 pending,  3 downloaded,  0 extracted, (17 MB/? MB)
04:59:23.689 [docker-java-stream--1621393103] INFO tc.mysql:8.0 -- Pulling image layers:  7 pending,  4 downloaded,  0 extracted, (17 MB/? MB)
04:59:23.807 [docker-java-stream--1621393103] INFO tc.mysql:8.0 -- Pulling image layers:  6 pending,  5 downloaded,  0 extracted, (27 MB/? MB)
04:59:23.898 [docker-java-stream--1621393103] INFO tc.mysql:8.0 -- Pulling image layers:  5 pending,  6 downloaded,  0 extracted, (61 MB/? MB)
04:59:23.919 [docker-java-stream--1621393103] INFO tc.mysql:8.0 -- Pulling image layers:  4 pending,  7 downloaded,  0 extracted, (61 MB/? MB)
04:59:24.029 [docker-java-stream--1621393103] INFO tc.mysql:8.0 -- Pulling image layers:  3 pending,  8 downloaded,  0 extracted, (81 MB/? MB)
04:59:24.035 [docker-java-stream--1621393103] INFO tc.mysql:8.0 -- Pulling image layers:  2 pending,  9 downloaded,  0 extracted, (81 MB/? MB)
04:59:24.144 [docker-java-stream--1621393103] INFO tc.mysql:8.0 -- Pulling image layers:  1 pending, 10 downloaded,  0 extracted, (103 MB/? MB)
04:59:24.319 [docker-java-stream--1621393103] INFO tc.mysql:8.0 -- Pulling image layers:  0 pending, 11 downloaded,  0 extracted, (128 MB/163 MB)
04:59:25.149 [docker-java-stream--1621393103] INFO tc.mysql:8.0 -- Pulling image layers:  0 pending, 11 downloaded,  1 extracted, (133 MB/163 MB)
04:59:25.505 [docker-java-stream--1621393103] INFO tc.mysql:8.0 -- Pulling image layers:  0 pending, 11 downloaded,  2 extracted, (133 MB/163 MB)
04:59:25.529 [docker-java-stream--1621393103] INFO tc.mysql:8.0 -- Pulling image layers:  0 pending, 11 downloaded,  3 extracted, (134 MB/163 MB)
04:59:25.730 [docker-java-stream--1621393103] INFO tc.mysql:8.0 -- Pulling image layers:  0 pending, 11 downloaded,  4 extracted, (140 MB/163 MB)
04:59:25.756 [docker-java-stream--1621393103] INFO tc.mysql:8.0 -- Pulling image layers:  0 pending, 11 downloaded,  5 extracted, (140 MB/163 MB)
04:59:25.772 [docker-java-stream--1621393103] INFO tc.mysql:8.0 -- Pulling image layers:  0 pending, 11 downloaded,  6 extracted, (140 MB/163 MB)
04:59:26.625 [docker-java-stream--1621393103] INFO tc.mysql:8.0 -- Pulling image layers:  0 pending, 11 downloaded,  7 extracted, (149 MB/163 MB)
04:59:26.636 [docker-java-stream--1621393103] INFO tc.mysql:8.0 -- Pulling image layers:  0 pending, 11 downloaded,  8 extracted, (149 MB/163 MB)
04:59:32.363 [docker-java-stream--1621393103] INFO tc.mysql:8.0 -- Pulling image layers:  0 pending, 11 downloaded,  9 extracted, (163 MB/163 MB)
04:59:32.376 [docker-java-stream--1621393103] INFO tc.mysql:8.0 -- Pulling image layers:  0 pending, 11 downloaded, 10 extracted, (163 MB/163 MB)
04:59:32.390 [docker-java-stream--1621393103] INFO tc.mysql:8.0 -- Pulling image layers:  0 pending, 11 downloaded, 11 extracted, (163 MB/163 MB)
04:59:32.401 [main] INFO tc.mysql:8.0 -- Image mysql:8.0 pull took PT9.445502978S
04:59:32.401 [docker-java-stream--1621393103] INFO tc.mysql:8.0 -- Pull complete. 11 layers, pulled in 9s (downloaded 163 MB at 18 MB/s)
04:59:32.563 [main] INFO org.springframework.boot.test.context.SpringBootTestContextBootstrapper -- Found @SpringBootConfiguration dev.coms4156.project.kebabcase.App for test class dev.coms4156.project.kebabcase.MySQLIntegrationTests
04:59:32.697 [main] INFO tc.mysql:8.0 -- Creating container for image: mysql:8.0
04:59:32.741 [main] INFO tc.mysql:8.0 -- Container mysql:8.0 is starting: b03e5861113b8f5eb7aea55241c9ed51fbc6964d6003aa53094128f323ed0e9d
04:59:32.957 [main] INFO tc.mysql:8.0 -- Waiting for database connection to become available at jdbc:mysql://localhost:32769/testdb using query 'SELECT 1'
04:59:42.520 [main] INFO tc.mysql:8.0 -- Container mysql:8.0 started in PT9.822858905S
04:59:42.520 [main] INFO tc.mysql:8.0 -- Container is started (JDBC URL: jdbc:mysql://localhost:32769/testdb)

  .   ____          _            __ _ _
 /\\ / ___'_ __ _ _(_)_ __  __ _ \ \ \ \
( ( )\___ | '_ | '_| | '_ \/ _` | \ \ \ \
 \\/  ___)| |_)| | | | | || (_| |  ) ) ) )
  '  |____| .__|_| |_|_| |_\__, | / / / /
 =========|_|==============|___/=/_/_/_/

 :: Spring Boot ::                (v3.4.0)

2024-11-28T04:59:42.990Z  INFO 1881 --- [KebabCase] [           main] d.c.p.kebabcase.MySQLIntegrationTests    : Starting MySQLIntegrationTests using Java 17.0.13 with PID 1881 (started by runner in /home/runner/work/KebabCase/KebabCase)
2024-11-28T04:59:42.992Z  INFO 1881 --- [KebabCase] [           main] d.c.p.kebabcase.MySQLIntegrationTests    : No active profile set, falling back to 1 default profile: "default"
2024-11-28T04:59:43.602Z  INFO 1881 --- [KebabCase] [           main] .s.d.r.c.RepositoryConfigurationDelegate : Bootstrapping Spring Data JPA repositories in DEFAULT mode.
2024-11-28T04:59:43.617Z  INFO 1881 --- [KebabCase] [           main] .i.s.PathMatchingResourcePatternResolver : Skipping search for files matching pattern [**/*.class]: directory [/home/runner/work/KebabCase/KebabCase/target/test-classes/dev/coms4156/project/kebabcase/repository] does not exist
2024-11-28T04:59:43.657Z  INFO 1881 --- [KebabCase] [           main] .i.s.PathMatchingResourcePatternResolver : Skipping search for files matching pattern [**/*Impl.class]: directory [/home/runner/work/KebabCase/KebabCase/target/test-classes/dev/coms4156/project/kebabcase/repository] does not exist
2024-11-28T04:59:43.672Z  INFO 1881 --- [KebabCase] [           main] .s.d.r.c.RepositoryConfigurationDelegate : Finished Spring Data repository scanning in 59 ms. Found 11 JPA repository interfaces.
2024-11-28T04:59:44.381Z  INFO 1881 --- [KebabCase] [           main] .i.s.PathMatchingResourcePatternResolver : Skipping search for files matching pattern [**/*.class]: directory [/home/runner/work/KebabCase/KebabCase/target/test-classes/dev/coms4156/project/kebabcase/entity] does not exist
2024-11-28T04:59:44.414Z  INFO 1881 --- [KebabCase] [           main] o.hibernate.jpa.internal.util.LogHelper  : HHH000204: Processing PersistenceUnitInfo [name: default]
2024-11-28T04:59:44.478Z  INFO 1881 --- [KebabCase] [           main] org.hibernate.Version                    : HHH000412: Hibernate ORM core version 6.5.0.Final
2024-11-28T04:59:44.517Z  INFO 1881 --- [KebabCase] [           main] o.h.c.internal.RegionFactoryInitiator    : HHH000026: Second-level cache disabled
2024-11-28T04:59:44.780Z  INFO 1881 --- [KebabCase] [           main] o.s.o.j.p.SpringPersistenceUnitInfo      : No LoadTimeWeaver setup: ignoring JPA class transformer
2024-11-28T04:59:44.813Z  INFO 1881 --- [KebabCase] [           main] com.zaxxer.hikari.HikariDataSource       : HikariPool-1 - Starting...
2024-11-28T04:59:45.003Z  INFO 1881 --- [KebabCase] [           main] com.zaxxer.hikari.pool.HikariPool        : HikariPool-1 - Added connection com.mysql.cj.jdbc.ConnectionImpl@d5fd167
2024-11-28T04:59:45.005Z  INFO 1881 --- [KebabCase] [           main] com.zaxxer.hikari.HikariDataSource       : HikariPool-1 - Start completed.
2024-11-28T04:59:46.545Z  INFO 1881 --- [KebabCase] [           main] o.h.e.t.j.p.i.JtaPlatformInitiator       : HHH000489: No JTA platform available (set 'hibernate.transaction.jta.platform' to enable JTA platform integration)
2024-11-28T04:59:47.186Z  INFO 1881 --- [KebabCase] [           main] j.LocalContainerEntityManagerFactoryBean : Initialized JPA EntityManagerFactory for persistence unit 'default'
2024-11-28T04:59:47.903Z  WARN 1881 --- [KebabCase] [           main] JpaBaseConfiguration$JpaWebConfiguration : spring.jpa.open-in-view is enabled by default. Therefore, database queries may be performed during view rendering. Explicitly configure spring.jpa.open-in-view to disable this warning
2024-11-28T04:59:47.930Z  WARN 1881 --- [KebabCase] [           main] .s.s.UserDetailsServiceAutoConfiguration : 

Using generated security password: 533757c0-8f26-4045-b2b8-23e614eb3f5f

This generated password is for development use only. Your security configuration must be updated before running your application in production.

2024-11-28T04:59:47.951Z  INFO 1881 --- [KebabCase] [           main] r$InitializeUserDetailsManagerConfigurer : Global AuthenticationManager configured with UserDetailsService bean with name inMemoryUserDetailsManager
2024-11-28T04:59:48.627Z  INFO 1881 --- [KebabCase] [           main] d.c.p.kebabcase.MySQLIntegrationTests    : Started MySQLIntegrationTests in 6.053 seconds (process running for 30.331)
MySQL JDBC URL: jdbc:mysql://localhost:32769/testdb
MySQL Username: testuser
MySQL Password: testpass
[INFO] Tests run: 1, Failures: 0, Errors: 0, Skipped: 0, Time elapsed: 29.98 s -- in dev.coms4156.project.kebabcase.MySQLIntegrationTests
[INFO] Running dev.coms4156.project.kebabcase.UserRepositoryIntegrationTests
2024-11-28T04:59:49.569Z  INFO 1881 --- [KebabCase] [           main] t.c.s.AnnotationConfigContextLoaderUtils : Could not detect default configuration classes for test class [dev.coms4156.project.kebabcase.UserRepositoryIntegrationTests]: UserRepositoryIntegrationTests does not declare any static, non-private, non-final, nested classes annotated with @Configuration.
2024-11-28T04:59:49.575Z  INFO 1881 --- [KebabCase] [           main] .b.t.c.SpringBootTestContextBootstrapper : Found @SpringBootConfiguration dev.coms4156.project.kebabcase.App for test class dev.coms4156.project.kebabcase.UserRepositoryIntegrationTests

  .   ____          _            __ _ _
 /\\ / ___'_ __ _ _(_)_ __  __ _ \ \ \ \
( ( )\___ | '_ | '_| | '_ \/ _` | \ \ \ \
 \\/  ___)| |_)| | | | | || (_| |  ) ) ) )
  '  |____| .__|_| |_|_| |_\__, | / / / /
 =========|_|==============|___/=/_/_/_/

 :: Spring Boot ::                (v3.4.0)

2024-11-28T04:59:49.616Z  INFO 1881 --- [KebabCase] [           main] d.c.p.k.UserRepositoryIntegrationTests   : Starting UserRepositoryIntegrationTests using Java 17.0.13 with PID 1881 (started by runner in /home/runner/work/KebabCase/KebabCase)
2024-11-28T04:59:49.616Z  INFO 1881 --- [KebabCase] [           main] d.c.p.k.UserRepositoryIntegrationTests   : No active profile set, falling back to 1 default profile: "default"
2024-11-28T04:59:49.760Z  INFO 1881 --- [KebabCase] [           main] .s.d.r.c.RepositoryConfigurationDelegate : Bootstrapping Spring Data JPA repositories in DEFAULT mode.
2024-11-28T04:59:49.762Z  INFO 1881 --- [KebabCase] [           main] .i.s.PathMatchingResourcePatternResolver : Skipping search for files matching pattern [**/*.class]: directory [/home/runner/work/KebabCase/KebabCase/target/test-classes/dev/coms4156/project/kebabcase/repository] does not exist
2024-11-28T04:59:49.768Z  INFO 1881 --- [KebabCase] [           main] .i.s.PathMatchingResourcePatternResolver : Skipping search for files matching pattern [**/*Impl.class]: directory [/home/runner/work/KebabCase/KebabCase/target/test-classes/dev/coms4156/project/kebabcase/repository] does not exist
2024-11-28T04:59:49.775Z  INFO 1881 --- [KebabCase] [           main] .s.d.r.c.RepositoryConfigurationDelegate : Finished Spring Data repository scanning in 12 ms. Found 11 JPA repository interfaces.
2024-11-28T04:59:49.886Z  INFO 1881 --- [KebabCase] [           main] tc.mysql:8.0                             : Creating container for image: mysql:8.0
2024-11-28T04:59:49.922Z  INFO 1881 --- [KebabCase] [           main] tc.mysql:8.0                             : Container mysql:8.0 is starting: bd1786da85c13b14aa517e43b710005292b7b8828e4432caded876ac435ae4f0
2024-11-28T04:59:50.172Z  INFO 1881 --- [KebabCase] [           main] tc.mysql:8.0                             : Waiting for database connection to become available at jdbc:mysql://localhost:32770/testdb using query 'SELECT 1'
2024-11-28T04:59:59.540Z  INFO 1881 --- [KebabCase] [           main] tc.mysql:8.0                             : Container mysql:8.0 started in PT9.654390524S
2024-11-28T04:59:59.541Z  INFO 1881 --- [KebabCase] [           main] tc.mysql:8.0                             : Container is started (JDBC URL: jdbc:mysql://localhost:32770/testdb)
2024-11-28T04:59:59.561Z  INFO 1881 --- [KebabCase] [           main] .i.s.PathMatchingResourcePatternResolver : Skipping search for files matching pattern [**/*.class]: directory [/home/runner/work/KebabCase/KebabCase/target/test-classes/dev/coms4156/project/kebabcase/entity] does not exist
2024-11-28T04:59:59.564Z  INFO 1881 --- [KebabCase] [           main] o.hibernate.jpa.internal.util.LogHelper  : HHH000204: Processing PersistenceUnitInfo [name: default]
2024-11-28T04:59:59.566Z  INFO 1881 --- [KebabCase] [           main] o.h.c.internal.RegionFactoryInitiator    : HHH000026: Second-level cache disabled
2024-11-28T04:59:59.571Z  INFO 1881 --- [KebabCase] [           main] o.s.o.j.p.SpringPersistenceUnitInfo      : No LoadTimeWeaver setup: ignoring JPA class transformer
2024-11-28T04:59:59.572Z  INFO 1881 --- [KebabCase] [           main] com.zaxxer.hikari.HikariDataSource       : HikariPool-2 - Starting...
2024-11-28T04:59:59.589Z  INFO 1881 --- [KebabCase] [           main] com.zaxxer.hikari.pool.HikariPool        : HikariPool-2 - Added connection com.mysql.cj.jdbc.ConnectionImpl@39562ff7
2024-11-28T04:59:59.590Z  INFO 1881 --- [KebabCase] [           main] com.zaxxer.hikari.HikariDataSource       : HikariPool-2 - Start completed.
2024-11-28T04:59:59.862Z  INFO 1881 --- [KebabCase] [           main] o.h.e.t.j.p.i.JtaPlatformInitiator       : HHH000489: No JTA platform available (set 'hibernate.transaction.jta.platform' to enable JTA platform integration)
2024-11-28T05:00:00.380Z  INFO 1881 --- [KebabCase] [           main] j.LocalContainerEntityManagerFactoryBean : Initialized JPA EntityManagerFactory for persistence unit 'default'
2024-11-28T05:00:00.561Z  WARN 1881 --- [KebabCase] [           main] JpaBaseConfiguration$JpaWebConfiguration : spring.jpa.open-in-view is enabled by default. Therefore, database queries may be performed during view rendering. Explicitly configure spring.jpa.open-in-view to disable this warning
2024-11-28T05:00:00.568Z  WARN 1881 --- [KebabCase] [           main] .s.s.UserDetailsServiceAutoConfiguration : 

Using generated security password: 51978488-3aeb-4209-9a0f-9d074d11b1c5

This generated password is for development use only. Your security configuration must be updated before running your application in production.

2024-11-28T05:00:00.569Z  INFO 1881 --- [KebabCase] [           main] r$InitializeUserDetailsManagerConfigurer : Global AuthenticationManager configured with UserDetailsService bean with name inMemoryUserDetailsManager
2024-11-28T05:00:00.687Z  INFO 1881 --- [KebabCase] [           main] d.c.p.k.UserRepositoryIntegrationTests   : Started UserRepositoryIntegrationTests in 11.107 seconds (process running for 42.391)
2024-11-28T05:00:00.764Z  WARN 1881 --- [KebabCase] [           main] o.h.engine.jdbc.spi.SqlExceptionHelper   : SQL Error: 0, SQLState: S0022
2024-11-28T05:00:00.764Z ERROR 1881 --- [KebabCase] [           main] o.h.engine.jdbc.spi.SqlExceptionHelper   : Column 'id' not found.
[INFO] Tests run: 1, Failures: 0, Errors: 0, Skipped: 0, Time elapsed: 11.29 s -- in dev.coms4156.project.kebabcase.UserRepositoryIntegrationTests
[INFO] Running dev.coms4156.project.kebabcase.IndexControllerUnitTests
[INFO] Tests run: 1, Failures: 0, Errors: 0, Skipped: 0, Time elapsed: 0.013 s -- in dev.coms4156.project.kebabcase.IndexControllerUnitTests
[INFO] Running dev.coms4156.project.kebabcase.UserControllerIntegrationTests
2024-11-28T05:00:00.879Z  INFO 1881 --- [KebabCase] [           main] t.c.s.AnnotationConfigContextLoaderUtils : Could not detect default configuration classes for test class [dev.coms4156.project.kebabcase.UserControllerIntegrationTests]: UserControllerIntegrationTests does not declare any static, non-private, non-final, nested classes annotated with @Configuration.
2024-11-28T05:00:00.885Z  INFO 1881 --- [KebabCase] [           main] .b.t.c.SpringBootTestContextBootstrapper : Found @SpringBootConfiguration dev.coms4156.project.kebabcase.App for test class dev.coms4156.project.kebabcase.UserControllerIntegrationTests

  .   ____          _            __ _ _
 /\\ / ___'_ __ _ _(_)_ __  __ _ \ \ \ \
( ( )\___ | '_ | '_| | '_ \/ _` | \ \ \ \
 \\/  ___)| |_)| | | | | || (_| |  ) ) ) )
  '  |____| .__|_| |_|_| |_\__, | / / / /
 =========|_|==============|___/=/_/_/_/

 :: Spring Boot ::                (v3.4.0)

2024-11-28T05:00:00.916Z  INFO 1881 --- [KebabCase] [           main] d.c.p.k.UserControllerIntegrationTests   : Starting UserControllerIntegrationTests using Java 17.0.13 with PID 1881 (started by runner in /home/runner/work/KebabCase/KebabCase)
2024-11-28T05:00:00.916Z  INFO 1881 --- [KebabCase] [           main] d.c.p.k.UserControllerIntegrationTests   : No active profile set, falling back to 1 default profile: "default"
2024-11-28T05:00:01.016Z  INFO 1881 --- [KebabCase] [           main] .s.d.r.c.RepositoryConfigurationDelegate : Bootstrapping Spring Data JPA repositories in DEFAULT mode.
2024-11-28T05:00:01.018Z  INFO 1881 --- [KebabCase] [           main] .i.s.PathMatchingResourcePatternResolver : Skipping search for files matching pattern [**/*.class]: directory [/home/runner/work/KebabCase/KebabCase/target/test-classes/dev/coms4156/project/kebabcase/repository] does not exist
2024-11-28T05:00:01.024Z  INFO 1881 --- [KebabCase] [           main] .i.s.PathMatchingResourcePatternResolver : Skipping search for files matching pattern [**/*Impl.class]: directory [/home/runner/work/KebabCase/KebabCase/target/test-classes/dev/coms4156/project/kebabcase/repository] does not exist
2024-11-28T05:00:01.033Z  INFO 1881 --- [KebabCase] [           main] .s.d.r.c.RepositoryConfigurationDelegate : Finished Spring Data repository scanning in 16 ms. Found 11 JPA repository interfaces.
2024-11-28T05:00:01.258Z  INFO 1881 --- [KebabCase] [           main] o.s.b.w.embedded.tomcat.TomcatWebServer  : Tomcat initialized with port 0 (http)
2024-11-28T05:00:01.285Z  INFO 1881 --- [KebabCase] [           main] o.apache.catalina.core.StandardService   : Starting service [Tomcat]
2024-11-28T05:00:01.285Z  INFO 1881 --- [KebabCase] [           main] o.apache.catalina.core.StandardEngine    : Starting Servlet engine: [Apache Tomcat/10.1.33]
2024-11-28T05:00:01.336Z  INFO 1881 --- [KebabCase] [           main] o.a.c.c.C.[Tomcat].[localhost].[/]       : Initializing Spring embedded WebApplicationContext
2024-11-28T05:00:01.337Z  INFO 1881 --- [KebabCase] [           main] w.s.c.ServletWebServerApplicationContext : Root WebApplicationContext: initialization completed in 419 ms
2024-11-28T05:00:01.411Z  INFO 1881 --- [KebabCase] [           main] tc.mysql:8.0                             : Creating container for image: mysql:8.0
2024-11-28T05:00:01.450Z  INFO 1881 --- [KebabCase] [           main] tc.mysql:8.0                             : Container mysql:8.0 is starting: eed540c4e06f711267c2b238930805486d9483dbff283eead7af2e69fa3e2f1c
2024-11-28T05:00:01.685Z  INFO 1881 --- [KebabCase] [           main] tc.mysql:8.0                             : Waiting for database connection to become available at jdbc:mysql://localhost:32771/testdb using query 'SELECT 1'
2024-11-28T05:00:10.895Z  INFO 1881 --- [KebabCase] [           main] tc.mysql:8.0                             : Container mysql:8.0 started in PT9.48452489S
2024-11-28T05:00:10.895Z  INFO 1881 --- [KebabCase] [           main] tc.mysql:8.0                             : Container is started (JDBC URL: jdbc:mysql://localhost:32771/testdb)
2024-11-28T05:00:10.911Z  INFO 1881 --- [KebabCase] [           main] .i.s.PathMatchingResourcePatternResolver : Skipping search for files matching pattern [**/*.class]: directory [/home/runner/work/KebabCase/KebabCase/target/test-classes/dev/coms4156/project/kebabcase/entity] does not exist
2024-11-28T05:00:10.913Z  INFO 1881 --- [KebabCase] [           main] o.hibernate.jpa.internal.util.LogHelper  : HHH000204: Processing PersistenceUnitInfo [name: default]
2024-11-28T05:00:10.915Z  INFO 1881 --- [KebabCase] [           main] o.h.c.internal.RegionFactoryInitiator    : HHH000026: Second-level cache disabled
2024-11-28T05:00:10.919Z  INFO 1881 --- [KebabCase] [           main] o.s.o.j.p.SpringPersistenceUnitInfo      : No LoadTimeWeaver setup: ignoring JPA class transformer
2024-11-28T05:00:10.919Z  INFO 1881 --- [KebabCase] [           main] com.zaxxer.hikari.HikariDataSource       : HikariPool-3 - Starting...
2024-11-28T05:00:10.934Z  INFO 1881 --- [KebabCase] [           main] com.zaxxer.hikari.pool.HikariPool        : HikariPool-3 - Added connection com.mysql.cj.jdbc.ConnectionImpl@546a9963
2024-11-28T05:00:10.935Z  INFO 1881 --- [KebabCase] [           main] com.zaxxer.hikari.HikariDataSource       : HikariPool-3 - Start completed.
2024-11-28T05:00:11.143Z  INFO 1881 --- [KebabCase] [           main] o.h.e.t.j.p.i.JtaPlatformInitiator       : HHH000489: No JTA platform available (set 'hibernate.transaction.jta.platform' to enable JTA platform integration)
2024-11-28T05:00:11.818Z  INFO 1881 --- [KebabCase] [           main] j.LocalContainerEntityManagerFactoryBean : Initialized JPA EntityManagerFactory for persistence unit 'default'
2024-11-28T05:00:11.945Z  WARN 1881 --- [KebabCase] [           main] JpaBaseConfiguration$JpaWebConfiguration : spring.jpa.open-in-view is enabled by default. Therefore, database queries may be performed during view rendering. Explicitly configure spring.jpa.open-in-view to disable this warning
2024-11-28T05:00:11.951Z  WARN 1881 --- [KebabCase] [           main] .s.s.UserDetailsServiceAutoConfiguration : 

Using generated security password: deccf05a-130d-422b-a61d-02d817229757

This generated password is for development use only. Your security configuration must be updated before running your application in production.

2024-11-28T05:00:11.952Z  INFO 1881 --- [KebabCase] [           main] r$InitializeUserDetailsManagerConfigurer : Global AuthenticationManager configured with UserDetailsService bean with name inMemoryUserDetailsManager
2024-11-28T05:00:12.243Z  INFO 1881 --- [KebabCase] [           main] o.s.b.w.embedded.tomcat.TomcatWebServer  : Tomcat started on port 41797 (http) with context path '/'
2024-11-28T05:00:12.248Z  INFO 1881 --- [KebabCase] [           main] d.c.p.k.UserControllerIntegrationTests   : Started UserControllerIntegrationTests in 11.36 seconds (process running for 53.952)
2024-11-28T05:00:12.263Z  WARN 1881 --- [KebabCase] [           main] o.h.engine.jdbc.spi.SqlExceptionHelper   : SQL Error: 0, SQLState: S0022
2024-11-28T05:00:12.263Z ERROR 1881 --- [KebabCase] [           main] o.h.engine.jdbc.spi.SqlExceptionHelper   : Column 'id' not found.
2024-11-28T05:00:12.294Z  WARN 1881 --- [KebabCase] [           main] o.h.engine.jdbc.spi.SqlExceptionHelper   : SQL Error: 0, SQLState: S0022
2024-11-28T05:00:12.295Z ERROR 1881 --- [KebabCase] [           main] o.h.engine.jdbc.spi.SqlExceptionHelper   : Column 'id' not found.
2024-11-28T05:00:12.311Z  WARN 1881 --- [KebabCase] [           main] o.h.engine.jdbc.spi.SqlExceptionHelper   : SQL Error: 0, SQLState: S0022
2024-11-28T05:00:12.311Z ERROR 1881 --- [KebabCase] [           main] o.h.engine.jdbc.spi.SqlExceptionHelper   : Column 'id' not found.
2024-11-28T05:00:12.318Z  WARN 1881 --- [KebabCase] [           main] o.h.engine.jdbc.spi.SqlExceptionHelper   : SQL Error: 0, SQLState: S0022
2024-11-28T05:00:12.318Z ERROR 1881 --- [KebabCase] [           main] o.h.engine.jdbc.spi.SqlExceptionHelper   : Column 'id' not found.
2024-11-28T05:00:12.323Z  WARN 1881 --- [KebabCase] [           main] o.h.engine.jdbc.spi.SqlExceptionHelper   : SQL Error: 0, SQLState: S0022
2024-11-28T05:00:12.324Z ERROR 1881 --- [KebabCase] [           main] o.h.engine.jdbc.spi.SqlExceptionHelper   : Column 'id' not found.
2024-11-28T05:00:12.528Z  INFO 1881 --- [KebabCase] [o-auto-1-exec-1] o.a.c.c.C.[Tomcat].[localhost].[/]       : Initializing Spring DispatcherServlet 'dispatcherServlet'
2024-11-28T05:00:12.528Z  INFO 1881 --- [KebabCase] [o-auto-1-exec-1] o.s.web.servlet.DispatcherServlet        : Initializing Servlet 'dispatcherServlet'
2024-11-28T05:00:12.529Z  INFO 1881 --- [KebabCase] [o-auto-1-exec-1] o.s.web.servlet.DispatcherServlet        : Completed initialization in 1 ms
[INFO] Tests run: 3, Failures: 0, Errors: 0, Skipped: 0, Time elapsed: 11.97 s -- in dev.coms4156.project.kebabcase.UserControllerIntegrationTests
[INFO] Running dev.coms4156.project.kebabcase.BuildingFeatureControllerUnitTests
[INFO] Tests run: 2, Failures: 0, Errors: 0, Skipped: 0, Time elapsed: 0.631 s -- in dev.coms4156.project.kebabcase.BuildingFeatureControllerUnitTests
[INFO] Running dev.coms4156.project.kebabcase.IndexControllerIntegrationTests
2024-11-28T05:00:13.521Z  INFO 1881 --- [KebabCase] [           main] t.c.s.AnnotationConfigContextLoaderUtils : Could not detect default configuration classes for test class [dev.coms4156.project.kebabcase.IndexControllerIntegrationTests]: IndexControllerIntegrationTests does not declare any static, non-private, non-final, nested classes annotated with @Configuration.
2024-11-28T05:00:13.544Z  INFO 1881 --- [KebabCase] [           main] .b.t.c.SpringBootTestContextBootstrapper : Found @SpringBootConfiguration dev.coms4156.project.kebabcase.App for test class dev.coms4156.project.kebabcase.IndexControllerIntegrationTests

  .   ____          _            __ _ _
 /\\ / ___'_ __ _ _(_)_ __  __ _ \ \ \ \
( ( )\___ | '_ | '_| | '_ \/ _` | \ \ \ \
 \\/  ___)| |_)| | | | | || (_| |  ) ) ) )
  '  |____| .__|_| |_|_| |_\__, | / / / /
 =========|_|==============|___/=/_/_/_/

 :: Spring Boot ::                (v3.4.0)

2024-11-28T05:00:13.663Z  INFO 1881 --- [KebabCase] [           main] d.c.p.k.IndexControllerIntegrationTests  : Starting IndexControllerIntegrationTests using Java 17.0.13 with PID 1881 (started by runner in /home/runner/work/KebabCase/KebabCase)
2024-11-28T05:00:13.664Z  INFO 1881 --- [KebabCase] [           main] d.c.p.k.IndexControllerIntegrationTests  : No active profile set, falling back to 1 default profile: "default"
2024-11-28T05:00:13.961Z  INFO 1881 --- [KebabCase] [           main] .s.d.r.c.RepositoryConfigurationDelegate : Bootstrapping Spring Data JPA repositories in DEFAULT mode.
2024-11-28T05:00:13.965Z  INFO 1881 --- [KebabCase] [           main] .i.s.PathMatchingResourcePatternResolver : Skipping search for files matching pattern [**/*.class]: directory [/home/runner/work/KebabCase/KebabCase/target/test-classes/dev/coms4156/project/kebabcase/repository] does not exist
2024-11-28T05:00:13.976Z  INFO 1881 --- [KebabCase] [           main] .i.s.PathMatchingResourcePatternResolver : Skipping search for files matching pattern [**/*Impl.class]: directory [/home/runner/work/KebabCase/KebabCase/target/test-classes/dev/coms4156/project/kebabcase/repository] does not exist
2024-11-28T05:00:13.986Z  INFO 1881 --- [KebabCase] [           main] .s.d.r.c.RepositoryConfigurationDelegate : Finished Spring Data repository scanning in 21 ms. Found 11 JPA repository interfaces.
2024-11-28T05:00:14.341Z  INFO 1881 --- [KebabCase] [           main] o.s.b.w.embedded.tomcat.TomcatWebServer  : Tomcat initialized with port 0 (http)
2024-11-28T05:00:14.344Z  INFO 1881 --- [KebabCase] [           main] o.apache.catalina.core.StandardService   : Starting service [Tomcat]
2024-11-28T05:00:14.344Z  INFO 1881 --- [KebabCase] [           main] o.apache.catalina.core.StandardEngine    : Starting Servlet engine: [Apache Tomcat/10.1.33]
2024-11-28T05:00:14.370Z  INFO 1881 --- [KebabCase] [           main] o.a.c.c.C.[Tomcat-1].[localhost].[/]     : Initializing Spring embedded WebApplicationContext
2024-11-28T05:00:14.370Z  INFO 1881 --- [KebabCase] [           main] w.s.c.ServletWebServerApplicationContext : Root WebApplicationContext: initialization completed in 698 ms
2024-11-28T05:00:14.414Z  INFO 1881 --- [KebabCase] [           main] tc.mysql:8.0                             : Creating container for image: mysql:8.0
2024-11-28T05:00:14.462Z  INFO 1881 --- [KebabCase] [           main] tc.mysql:8.0                             : Container mysql:8.0 is starting: 55a68f6f456835c611977af99a3c16e2758fc6f3be48019819cff8a660fc6fcd
2024-11-28T05:00:14.784Z  INFO 1881 --- [KebabCase] [           main] tc.mysql:8.0                             : Waiting for database connection to become available at jdbc:mysql://localhost:32772/testdb using query 'SELECT 1'
2024-11-28T05:00:24.310Z  INFO 1881 --- [KebabCase] [           main] tc.mysql:8.0                             : Container mysql:8.0 started in PT9.896505182S
2024-11-28T05:00:24.311Z  INFO 1881 --- [KebabCase] [           main] tc.mysql:8.0                             : Container is started (JDBC URL: jdbc:mysql://localhost:32772/testdb)
2024-11-28T05:00:24.341Z  INFO 1881 --- [KebabCase] [           main] .i.s.PathMatchingResourcePatternResolver : Skipping search for files matching pattern [**/*.class]: directory [/home/runner/work/KebabCase/KebabCase/target/test-classes/dev/coms4156/project/kebabcase/entity] does not exist
2024-11-28T05:00:24.345Z  INFO 1881 --- [KebabCase] [           main] o.hibernate.jpa.internal.util.LogHelper  : HHH000204: Processing PersistenceUnitInfo [name: default]
2024-11-28T05:00:24.348Z  INFO 1881 --- [KebabCase] [           main] o.h.c.internal.RegionFactoryInitiator    : HHH000026: Second-level cache disabled
2024-11-28T05:00:24.353Z  INFO 1881 --- [KebabCase] [           main] o.s.o.j.p.SpringPersistenceUnitInfo      : No LoadTimeWeaver setup: ignoring JPA class transformer
2024-11-28T05:00:24.353Z  INFO 1881 --- [KebabCase] [           main] com.zaxxer.hikari.HikariDataSource       : HikariPool-4 - Starting...
2024-11-28T05:00:24.421Z  INFO 1881 --- [KebabCase] [           main] com.zaxxer.hikari.pool.HikariPool        : HikariPool-4 - Added connection com.mysql.cj.jdbc.ConnectionImpl@64757ede
2024-11-28T05:00:24.422Z  INFO 1881 --- [KebabCase] [           main] com.zaxxer.hikari.HikariDataSource       : HikariPool-4 - Start completed.
2024-11-28T05:00:24.832Z  INFO 1881 --- [KebabCase] [           main] o.h.e.t.j.p.i.JtaPlatformInitiator       : HHH000489: No JTA platform available (set 'hibernate.transaction.jta.platform' to enable JTA platform integration)
2024-11-28T05:00:25.565Z  INFO 1881 --- [KebabCase] [           main] j.LocalContainerEntityManagerFactoryBean : Initialized JPA EntityManagerFactory for persistence unit 'default'
2024-11-28T05:00:25.727Z  WARN 1881 --- [KebabCase] [           main] JpaBaseConfiguration$JpaWebConfiguration : spring.jpa.open-in-view is enabled by default. Therefore, database queries may be performed during view rendering. Explicitly configure spring.jpa.open-in-view to disable this warning
2024-11-28T05:00:25.732Z  WARN 1881 --- [KebabCase] [           main] .s.s.UserDetailsServiceAutoConfiguration : 

Using generated security password: 5f1362cc-1523-4222-bf8d-0936d658edce

This generated password is for development use only. Your security configuration must be updated before running your application in production.

2024-11-28T05:00:25.733Z  INFO 1881 --- [KebabCase] [           main] r$InitializeUserDetailsManagerConfigurer : Global AuthenticationManager configured with UserDetailsService bean with name inMemoryUserDetailsManager
2024-11-28T05:00:25.848Z  INFO 1881 --- [KebabCase] [           main] o.s.b.w.embedded.tomcat.TomcatWebServer  : Tomcat started on port 36235 (http) with context path '/'
2024-11-28T05:00:25.854Z  INFO 1881 --- [KebabCase] [           main] d.c.p.k.IndexControllerIntegrationTests  : Started IndexControllerIntegrationTests in 12.302 seconds (process running for 67.558)
2024-11-28T05:00:25.868Z  INFO 1881 --- [KebabCase] [o-auto-2-exec-1] o.a.c.c.C.[Tomcat-1].[localhost].[/]     : Initializing Spring DispatcherServlet 'dispatcherServlet'
2024-11-28T05:00:25.868Z  INFO 1881 --- [KebabCase] [o-auto-2-exec-1] o.s.web.servlet.DispatcherServlet        : Initializing Servlet 'dispatcherServlet'
2024-11-28T05:00:25.869Z  INFO 1881 --- [KebabCase] [o-auto-2-exec-1] o.s.web.servlet.DispatcherServlet        : Completed initialization in 1 ms
[INFO] Tests run: 3, Failures: 0, Errors: 0, Skipped: 0, Time elapsed: 12.40 s -- in dev.coms4156.project.kebabcase.IndexControllerIntegrationTests
[INFO] Running dev.coms4156.project.kebabcase.BuildingControllerUnitTests
[INFO] Tests run: 37, Failures: 0, Errors: 0, Skipped: 0, Time elapsed: 1.655 s -- in dev.coms4156.project.kebabcase.BuildingControllerUnitTests
[INFO] Running dev.coms4156.project.kebabcase.WarmupControllerUnitTests
[INFO] Tests run: 1, Failures: 0, Errors: 0, Skipped: 0, Time elapsed: 0.001 s -- in dev.coms4156.project.kebabcase.WarmupControllerUnitTests
[INFO] Running dev.coms4156.project.kebabcase.MySQLContainerTests
2024-11-28T05:00:27.576Z  INFO 1881 --- [KebabCase] [           main] tc.mysql:8.0                             : Creating container for image: mysql:8.0
2024-11-28T05:00:27.632Z  INFO 1881 --- [KebabCase] [           main] tc.mysql:8.0                             : Container mysql:8.0 is starting: 820eac9cc97d47489c8b90d8f3dd1103b3b12bb6c5e9fd922e48c770adb1efb2
2024-11-28T05:00:27.922Z  INFO 1881 --- [KebabCase] [           main] tc.mysql:8.0                             : Waiting for database connection to become available at jdbc:mysql://localhost:32773/test using query 'SELECT 1'
2024-11-28T05:00:37.514Z  INFO 1881 --- [KebabCase] [           main] tc.mysql:8.0                             : Container mysql:8.0 started in PT9.938594653S
2024-11-28T05:00:37.515Z  INFO 1881 --- [KebabCase] [           main] tc.mysql:8.0                             : Container is started (JDBC URL: jdbc:mysql://localhost:32773/test)
[INFO] Tests run: 1, Failures: 0, Errors: 0, Skipped: 0, Time elapsed: 10.23 s -- in dev.coms4156.project.kebabcase.MySQLContainerTests
[INFO] Running dev.coms4156.project.kebabcase.HousingUnitFeatureControllerUnitTests
[INFO] Tests run: 2, Failures: 0, Errors: 0, Skipped: 0, Time elapsed: 0.098 s -- in dev.coms4156.project.kebabcase.HousingUnitFeatureControllerUnitTests
[INFO] Running dev.coms4156.project.kebabcase.UserControllerUnitTests
2024-11-28T05:00:38.073Z  INFO 1881 --- [KebabCase] [           main] o.s.mock.web.MockServletContext          : Initializing Spring TestDispatcherServlet ''
2024-11-28T05:00:38.074Z  INFO 1881 --- [KebabCase] [           main] o.s.t.web.servlet.TestDispatcherServlet  : Initializing Servlet ''
2024-11-28T05:00:38.074Z  INFO 1881 --- [KebabCase] [           main] o.s.t.web.servlet.TestDispatcherServlet  : Completed initialization in 0 ms
2024-11-28T05:00:38.106Z  INFO 1881 --- [KebabCase] [           main] o.s.mock.web.MockServletContext          : Initializing Spring TestDispatcherServlet ''
2024-11-28T05:00:38.106Z  INFO 1881 --- [KebabCase] [           main] o.s.t.web.servlet.TestDispatcherServlet  : Initializing Servlet ''
2024-11-28T05:00:38.106Z  INFO 1881 --- [KebabCase] [           main] o.s.t.web.servlet.TestDispatcherServlet  : Completed initialization in 0 ms
2024-11-28T05:00:38.112Z  INFO 1881 --- [KebabCase] [           main] o.s.mock.web.MockServletContext          : Initializing Spring TestDispatcherServlet ''
2024-11-28T05:00:38.113Z  INFO 1881 --- [KebabCase] [           main] o.s.t.web.servlet.TestDispatcherServlet  : Initializing Servlet ''
2024-11-28T05:00:38.113Z  INFO 1881 --- [KebabCase] [           main] o.s.t.web.servlet.TestDispatcherServlet  : Completed initialization in 0 ms
2024-11-28T05:00:38.119Z  INFO 1881 --- [KebabCase] [           main] o.s.mock.web.MockServletContext          : Initializing Spring TestDispatcherServlet ''
2024-11-28T05:00:38.119Z  INFO 1881 --- [KebabCase] [           main] o.s.t.web.servlet.TestDispatcherServlet  : Initializing Servlet ''
2024-11-28T05:00:38.119Z  INFO 1881 --- [KebabCase] [           main] o.s.t.web.servlet.TestDispatcherServlet  : Completed initialization in 0 ms
2024-11-28T05:00:38.125Z  INFO 1881 --- [KebabCase] [           main] o.s.mock.web.MockServletContext          : Initializing Spring TestDispatcherServlet ''
2024-11-28T05:00:38.125Z  INFO 1881 --- [KebabCase] [           main] o.s.t.web.servlet.TestDispatcherServlet  : Initializing Servlet ''
2024-11-28T05:00:38.126Z  INFO 1881 --- [KebabCase] [           main] o.s.t.web.servlet.TestDispatcherServlet  : Completed initialization in 1 ms
2024-11-28T05:00:38.137Z  INFO 1881 --- [KebabCase] [           main] o.s.mock.web.MockServletContext          : Initializing Spring TestDispatcherServlet ''
2024-11-28T05:00:38.137Z  INFO 1881 --- [KebabCase] [           main] o.s.t.web.servlet.TestDispatcherServlet  : Initializing Servlet ''
2024-11-28T05:00:38.137Z  INFO 1881 --- [KebabCase] [           main] o.s.t.web.servlet.TestDispatcherServlet  : Completed initialization in 0 ms
2024-11-28T05:00:38.144Z  INFO 1881 --- [KebabCase] [           main] o.s.mock.web.MockServletContext          : Initializing Spring TestDispatcherServlet ''
2024-11-28T05:00:38.144Z  INFO 1881 --- [KebabCase] [           main] o.s.t.web.servlet.TestDispatcherServlet  : Initializing Servlet ''
2024-11-28T05:00:38.144Z  INFO 1881 --- [KebabCase] [           main] o.s.t.web.servlet.TestDispatcherServlet  : Completed initialization in 0 ms
2024-11-28T05:00:38.151Z  INFO 1881 --- [KebabCase] [           main] o.s.mock.web.MockServletContext          : Initializing Spring TestDispatcherServlet ''
2024-11-28T05:00:38.151Z  INFO 1881 --- [KebabCase] [           main] o.s.t.web.servlet.TestDispatcherServlet  : Initializing Servlet ''
2024-11-28T05:00:38.151Z  INFO 1881 --- [KebabCase] [           main] o.s.t.web.servlet.TestDispatcherServlet  : Completed initialization in 0 ms
2024-11-28T05:00:38.157Z  INFO 1881 --- [KebabCase] [           main] o.s.mock.web.MockServletContext          : Initializing Spring TestDispatcherServlet ''
2024-11-28T05:00:38.157Z  INFO 1881 --- [KebabCase] [           main] o.s.t.web.servlet.TestDispatcherServlet  : Initializing Servlet ''
2024-11-28T05:00:38.158Z  INFO 1881 --- [KebabCase] [           main] o.s.t.web.servlet.TestDispatcherServlet  : Completed initialization in 0 ms
2024-11-28T05:00:38.164Z  INFO 1881 --- [KebabCase] [           main] o.s.mock.web.MockServletContext          : Initializing Spring TestDispatcherServlet ''
2024-11-28T05:00:38.164Z  INFO 1881 --- [KebabCase] [           main] o.s.t.web.servlet.TestDispatcherServlet  : Initializing Servlet ''
2024-11-28T05:00:38.164Z  INFO 1881 --- [KebabCase] [           main] o.s.t.web.servlet.TestDispatcherServlet  : Completed initialization in 0 ms
2024-11-28T05:00:38.174Z  INFO 1881 --- [KebabCase] [           main] o.s.mock.web.MockServletContext          : Initializing Spring TestDispatcherServlet ''
2024-11-28T05:00:38.175Z  INFO 1881 --- [KebabCase] [           main] o.s.t.web.servlet.TestDispatcherServlet  : Initializing Servlet ''
2024-11-28T05:00:38.175Z  INFO 1881 --- [KebabCase] [           main] o.s.t.web.servlet.TestDispatcherServlet  : Completed initialization in 0 ms
[INFO] Tests run: 11, Failures: 0, Errors: 0, Skipped: 0, Time elapsed: 0.263 s -- in dev.coms4156.project.kebabcase.UserControllerUnitTests
[INFO] Running dev.coms4156.project.kebabcase.BuildingControllerIntegrationTests
2024-11-28T05:00:38.181Z  INFO 1881 --- [KebabCase] [           main] t.c.s.AnnotationConfigContextLoaderUtils : Could not detect default configuration classes for test class [dev.coms4156.project.kebabcase.BuildingControllerIntegrationTests]: BuildingControllerIntegrationTests does not declare any static, non-private, non-final, nested classes annotated with @Configuration.
2024-11-28T05:00:38.191Z  INFO 1881 --- [KebabCase] [           main] .b.t.c.SpringBootTestContextBootstrapper : Found @SpringBootConfiguration dev.coms4156.project.kebabcase.App for test class dev.coms4156.project.kebabcase.BuildingControllerIntegrationTests

  .   ____          _            __ _ _
 /\\ / ___'_ __ _ _(_)_ __  __ _ \ \ \ \
( ( )\___ | '_ | '_| | '_ \/ _` | \ \ \ \
 \\/  ___)| |_)| | | | | || (_| |  ) ) ) )
  '  |____| .__|_| |_|_| |_\__, | / / / /
 =========|_|==============|___/=/_/_/_/

 :: Spring Boot ::                (v3.4.0)

2024-11-28T05:00:38.231Z  INFO 1881 --- [KebabCase] [           main] c.p.k.BuildingControllerIntegrationTests : Starting BuildingControllerIntegrationTests using Java 17.0.13 with PID 1881 (started by runner in /home/runner/work/KebabCase/KebabCase)
2024-11-28T05:00:38.231Z  INFO 1881 --- [KebabCase] [           main] c.p.k.BuildingControllerIntegrationTests : No active profile set, falling back to 1 default profile: "default"
2024-11-28T05:00:38.367Z  INFO 1881 --- [KebabCase] [           main] .s.d.r.c.RepositoryConfigurationDelegate : Bootstrapping Spring Data JPA repositories in DEFAULT mode.
2024-11-28T05:00:38.369Z  INFO 1881 --- [KebabCase] [           main] .i.s.PathMatchingResourcePatternResolver : Skipping search for files matching pattern [**/*.class]: directory [/home/runner/work/KebabCase/KebabCase/target/test-classes/dev/coms4156/project/kebabcase/repository] does not exist
2024-11-28T05:00:38.374Z  INFO 1881 --- [KebabCase] [           main] .i.s.PathMatchingResourcePatternResolver : Skipping search for files matching pattern [**/*Impl.class]: directory [/home/runner/work/KebabCase/KebabCase/target/test-classes/dev/coms4156/project/kebabcase/repository] does not exist
2024-11-28T05:00:38.380Z  INFO 1881 --- [KebabCase] [           main] .s.d.r.c.RepositoryConfigurationDelegate : Finished Spring Data repository scanning in 12 ms. Found 11 JPA repository interfaces.
2024-11-28T05:00:38.538Z  INFO 1881 --- [KebabCase] [           main] o.s.b.w.embedded.tomcat.TomcatWebServer  : Tomcat initialized with port 0 (http)
2024-11-28T05:00:38.539Z  INFO 1881 --- [KebabCase] [           main] o.apache.catalina.core.StandardService   : Starting service [Tomcat]
2024-11-28T05:00:38.539Z  INFO 1881 --- [KebabCase] [           main] o.apache.catalina.core.StandardEngine    : Starting Servlet engine: [Apache Tomcat/10.1.33]
2024-11-28T05:00:38.554Z  INFO 1881 --- [KebabCase] [           main] o.a.c.c.C.[Tomcat-2].[localhost].[/]     : Initializing Spring embedded WebApplicationContext
2024-11-28T05:00:38.554Z  INFO 1881 --- [KebabCase] [           main] w.s.c.ServletWebServerApplicationContext : Root WebApplicationContext: initialization completed in 320 ms
2024-11-28T05:00:38.573Z  INFO 1881 --- [KebabCase] [           main] tc.mysql:8.0                             : Creating container for image: mysql:8.0
2024-11-28T05:00:38.609Z  INFO 1881 --- [KebabCase] [           main] tc.mysql:8.0                             : Container mysql:8.0 is starting: e03bb2c991e9c79cd09769db2b210cfc27c36f38d551edb7e776aae8c7c34323
2024-11-28T05:00:38.855Z  INFO 1881 --- [KebabCase] [           main] tc.mysql:8.0                             : Waiting for database connection to become available at jdbc:mysql://localhost:32774/testdb using query 'SELECT 1'
2024-11-28T05:00:48.470Z  INFO 1881 --- [KebabCase] [           main] tc.mysql:8.0                             : Container mysql:8.0 started in PT9.896764933S
2024-11-28T05:00:48.470Z  INFO 1881 --- [KebabCase] [           main] tc.mysql:8.0                             : Container is started (JDBC URL: jdbc:mysql://localhost:32774/testdb)
2024-11-28T05:00:48.489Z  INFO 1881 --- [KebabCase] [           main] .i.s.PathMatchingResourcePatternResolver : Skipping search for files matching pattern [**/*.class]: directory [/home/runner/work/KebabCase/KebabCase/target/test-classes/dev/coms4156/project/kebabcase/entity] does not exist
2024-11-28T05:00:48.491Z  INFO 1881 --- [KebabCase] [           main] o.hibernate.jpa.internal.util.LogHelper  : HHH000204: Processing PersistenceUnitInfo [name: default]
2024-11-28T05:00:48.494Z  INFO 1881 --- [KebabCase] [           main] o.h.c.internal.RegionFactoryInitiator    : HHH000026: Second-level cache disabled
2024-11-28T05:00:48.498Z  INFO 1881 --- [KebabCase] [           main] o.s.o.j.p.SpringPersistenceUnitInfo      : No LoadTimeWeaver setup: ignoring JPA class transformer
2024-11-28T05:00:48.499Z  INFO 1881 --- [KebabCase] [           main] com.zaxxer.hikari.HikariDataSource       : HikariPool-5 - Starting...
2024-11-28T05:00:48.518Z  INFO 1881 --- [KebabCase] [           main] com.zaxxer.hikari.pool.HikariPool        : HikariPool-5 - Added connection com.mysql.cj.jdbc.ConnectionImpl@774d07de
2024-11-28T05:00:48.519Z  INFO 1881 --- [KebabCase] [           main] com.zaxxer.hikari.HikariDataSource       : HikariPool-5 - Start completed.
2024-11-28T05:00:48.690Z  INFO 1881 --- [KebabCase] [           main] o.h.e.t.j.p.i.JtaPlatformInitiator       : HHH000489: No JTA platform available (set 'hibernate.transaction.jta.platform' to enable JTA platform integration)
2024-11-28T05:00:49.363Z  INFO 1881 --- [KebabCase] [           main] j.LocalContainerEntityManagerFactoryBean : Initialized JPA EntityManagerFactory for persistence unit 'default'
2024-11-28T05:00:49.493Z  WARN 1881 --- [KebabCase] [           main] JpaBaseConfiguration$JpaWebConfiguration : spring.jpa.open-in-view is enabled by default. Therefore, database queries may be performed during view rendering. Explicitly configure spring.jpa.open-in-view to disable this warning
2024-11-28T05:00:49.498Z  WARN 1881 --- [KebabCase] [           main] .s.s.UserDetailsServiceAutoConfiguration : 

Using generated security password: 21574402-9621-406e-a780-80651072e5ed

This generated password is for development use only. Your security configuration must be updated before running your application in production.

2024-11-28T05:00:49.499Z  INFO 1881 --- [KebabCase] [           main] r$InitializeUserDetailsManagerConfigurer : Global AuthenticationManager configured with UserDetailsService bean with name inMemoryUserDetailsManager
2024-11-28T05:00:49.609Z  INFO 1881 --- [KebabCase] [           main] o.s.b.w.embedded.tomcat.TomcatWebServer  : Tomcat started on port 37967 (http) with context path '/'
2024-11-28T05:00:49.614Z  INFO 1881 --- [KebabCase] [           main] c.p.k.BuildingControllerIntegrationTests : Started BuildingControllerIntegrationTests in 11.418 seconds (process running for 91.317)
2024-11-28T05:00:49.665Z  WARN 1881 --- [KebabCase] [           main] o.h.engine.jdbc.spi.SqlExceptionHelper   : SQL Error: 0, SQLState: S0022
2024-11-28T05:00:49.665Z ERROR 1881 --- [KebabCase] [           main] o.h.engine.jdbc.spi.SqlExceptionHelper   : Column 'id' not found.
2024-11-28T05:00:49.672Z  INFO 1881 --- [KebabCase] [o-auto-3-exec-2] o.a.c.c.C.[Tomcat-2].[localhost].[/]     : Initializing Spring DispatcherServlet 'dispatcherServlet'
2024-11-28T05:00:49.673Z  INFO 1881 --- [KebabCase] [o-auto-3-exec-2] o.s.web.servlet.DispatcherServlet        : Initializing Servlet 'dispatcherServlet'
2024-11-28T05:00:49.673Z  INFO 1881 --- [KebabCase] [o-auto-3-exec-2] o.s.web.servlet.DispatcherServlet        : Completed initialization in 0 ms
2024-11-28T05:00:49.803Z  WARN 1881 --- [KebabCase] [o-auto-3-exec-1] o.h.engine.jdbc.spi.SqlExceptionHelper   : SQL Error: 0, SQLState: S0022
2024-11-28T05:00:49.804Z ERROR 1881 --- [KebabCase] [o-auto-3-exec-1] o.h.engine.jdbc.spi.SqlExceptionHelper   : Column 'id' not found.
2024-11-28T05:00:49.881Z  WARN 1881 --- [KebabCase] [           main] o.h.engine.jdbc.spi.SqlExceptionHelper   : SQL Error: 0, SQLState: S0022
2024-11-28T05:00:49.881Z ERROR 1881 --- [KebabCase] [           main] o.h.engine.jdbc.spi.SqlExceptionHelper   : Column 'id' not found.
2024-11-28T05:00:49.886Z  WARN 1881 --- [KebabCase] [           main] o.h.engine.jdbc.spi.SqlExceptionHelper   : SQL Error: 0, SQLState: S0022
2024-11-28T05:00:49.886Z ERROR 1881 --- [KebabCase] [           main] o.h.engine.jdbc.spi.SqlExceptionHelper   : Column 'id' not found.
2024-11-28T05:00:49.891Z  WARN 1881 --- [KebabCase] [           main] o.h.engine.jdbc.spi.SqlExceptionHelper   : SQL Error: 0, SQLState: S0022
2024-11-28T05:00:49.891Z ERROR 1881 --- [KebabCase] [           main] o.h.engine.jdbc.spi.SqlExceptionHelper   : Column 'id' not found.
2024-11-28T05:00:49.989Z  WARN 1881 --- [KebabCase] [           main] o.h.engine.jdbc.spi.SqlExceptionHelper   : SQL Error: 0, SQLState: S0022
2024-11-28T05:00:49.989Z ERROR 1881 --- [KebabCase] [           main] o.h.engine.jdbc.spi.SqlExceptionHelper   : Column 'id' not found.
2024-11-28T05:00:49.994Z  WARN 1881 --- [KebabCase] [           main] o.h.engine.jdbc.spi.SqlExceptionHelper   : SQL Error: 0, SQLState: S0022
2024-11-28T05:00:49.994Z ERROR 1881 --- [KebabCase] [           main] o.h.engine.jdbc.spi.SqlExceptionHelper   : Column 'id' not found.
2024-11-28T05:00:50.139Z  WARN 1881 --- [KebabCase] [           main] o.h.engine.jdbc.spi.SqlExceptionHelper   : SQL Error: 0, SQLState: S0022
2024-11-28T05:00:50.139Z ERROR 1881 --- [KebabCase] [           main] o.h.engine.jdbc.spi.SqlExceptionHelper   : Column 'id' not found.
2024-11-28T05:00:50.224Z  WARN 1881 --- [KebabCase] [           main] o.h.engine.jdbc.spi.SqlExceptionHelper   : SQL Error: 0, SQLState: S0022
2024-11-28T05:00:50.224Z ERROR 1881 --- [KebabCase] [           main] o.h.engine.jdbc.spi.SqlExceptionHelper   : Column 'id' not found.
2024-11-28T05:00:50.228Z  WARN 1881 --- [KebabCase] [           main] o.h.engine.jdbc.spi.SqlExceptionHelper   : SQL Error: 0, SQLState: S0022
2024-11-28T05:00:50.228Z ERROR 1881 --- [KebabCase] [           main] o.h.engine.jdbc.spi.SqlExceptionHelper   : Column 'id' not found.
2024-11-28T05:00:50.271Z  WARN 1881 --- [KebabCase] [           main] o.h.engine.jdbc.spi.SqlExceptionHelper   : SQL Error: 0, SQLState: S0022
2024-11-28T05:00:50.271Z ERROR 1881 --- [KebabCase] [           main] o.h.engine.jdbc.spi.SqlExceptionHelper   : Column 'id' not found.
2024-11-28T05:00:50.313Z  WARN 1881 --- [KebabCase] [           main] o.h.engine.jdbc.spi.SqlExceptionHelper   : SQL Error: 0, SQLState: S0022
2024-11-28T05:00:50.314Z ERROR 1881 --- [KebabCase] [           main] o.h.engine.jdbc.spi.SqlExceptionHelper   : Column 'id' not found.
2024-11-28T05:00:50.353Z  WARN 1881 --- [KebabCase] [           main] o.h.engine.jdbc.spi.SqlExceptionHelper   : SQL Error: 0, SQLState: S0022
2024-11-28T05:00:50.354Z ERROR 1881 --- [KebabCase] [           main] o.h.engine.jdbc.spi.SqlExceptionHelper   : Column 'id' not found.
2024-11-28T05:00:50.357Z  WARN 1881 --- [KebabCase] [           main] o.h.engine.jdbc.spi.SqlExceptionHelper   : SQL Error: 0, SQLState: S0022
2024-11-28T05:00:50.357Z ERROR 1881 --- [KebabCase] [           main] o.h.engine.jdbc.spi.SqlExceptionHelper   : Column 'id' not found.
2024-11-28T05:00:50.375Z  WARN 1881 --- [KebabCase] [o-auto-3-exec-2] o.h.engine.jdbc.spi.SqlExceptionHelper   : SQL Error: 0, SQLState: S0022
2024-11-28T05:00:50.375Z ERROR 1881 --- [KebabCase] [o-auto-3-exec-2] o.h.engine.jdbc.spi.SqlExceptionHelper   : Column 'id' not found.
2024-11-28T05:00:50.419Z  WARN 1881 --- [KebabCase] [           main] o.h.engine.jdbc.spi.SqlExceptionHelper   : SQL Error: 0, SQLState: S0022
2024-11-28T05:00:50.419Z ERROR 1881 --- [KebabCase] [           main] o.h.engine.jdbc.spi.SqlExceptionHelper   : Column 'id' not found.
[INFO] Tests run: 12, Failures: 0, Errors: 0, Skipped: 0, Time elapsed: 12.26 s -- in dev.coms4156.project.kebabcase.BuildingControllerIntegrationTests
[INFO] Running dev.coms4156.project.kebabcase.HousingUnitControllerUnitTests
[INFO] Tests run: 27, Failures: 0, Errors: 0, Skipped: 0, Time elapsed: 0.324 s -- in dev.coms4156.project.kebabcase.HousingUnitControllerUnitTests
[INFO] Running dev.coms4156.project.kebabcase.WarmupControllerIntegrationTests
2024-11-28T05:00:50.766Z  INFO 1881 --- [KebabCase] [           main] t.c.s.AnnotationConfigContextLoaderUtils : Could not detect default configuration classes for test class [dev.coms4156.project.kebabcase.WarmupControllerIntegrationTests]: WarmupControllerIntegrationTests does not declare any static, non-private, non-final, nested classes annotated with @Configuration.
2024-11-28T05:00:50.771Z  INFO 1881 --- [KebabCase] [           main] .b.t.c.SpringBootTestContextBootstrapper : Found @SpringBootConfiguration dev.coms4156.project.kebabcase.App for test class dev.coms4156.project.kebabcase.WarmupControllerIntegrationTests

  .   ____          _            __ _ _
 /\\ / ___'_ __ _ _(_)_ __  __ _ \ \ \ \
( ( )\___ | '_ | '_| | '_ \/ _` | \ \ \ \
 \\/  ___)| |_)| | | | | || (_| |  ) ) ) )
  '  |____| .__|_| |_|_| |_\__, | / / / /
 =========|_|==============|___/=/_/_/_/

 :: Spring Boot ::                (v3.4.0)

2024-11-28T05:00:50.803Z  INFO 1881 --- [KebabCase] [           main] d.c.p.k.WarmupControllerIntegrationTests : Starting WarmupControllerIntegrationTests using Java 17.0.13 with PID 1881 (started by runner in /home/runner/work/KebabCase/KebabCase)
2024-11-28T05:00:50.803Z  INFO 1881 --- [KebabCase] [           main] d.c.p.k.WarmupControllerIntegrationTests : No active profile set, falling back to 1 default profile: "default"
2024-11-28T05:00:50.881Z  INFO 1881 --- [KebabCase] [           main] .s.d.r.c.RepositoryConfigurationDelegate : Bootstrapping Spring Data JPA repositories in DEFAULT mode.
2024-11-28T05:00:50.882Z  INFO 1881 --- [KebabCase] [           main] .i.s.PathMatchingResourcePatternResolver : Skipping search for files matching pattern [**/*.class]: directory [/home/runner/work/KebabCase/KebabCase/target/test-classes/dev/coms4156/project/kebabcase/repository] does not exist
2024-11-28T05:00:50.886Z  INFO 1881 --- [KebabCase] [           main] .i.s.PathMatchingResourcePatternResolver : Skipping search for files matching pattern [**/*Impl.class]: directory [/home/runner/work/KebabCase/KebabCase/target/test-classes/dev/coms4156/project/kebabcase/repository] does not exist
2024-11-28T05:00:50.891Z  INFO 1881 --- [KebabCase] [           main] .s.d.r.c.RepositoryConfigurationDelegate : Finished Spring Data repository scanning in 9 ms. Found 11 JPA repository interfaces.
2024-11-28T05:00:50.971Z  INFO 1881 --- [KebabCase] [           main] o.s.b.w.embedded.tomcat.TomcatWebServer  : Tomcat initialized with port 0 (http)
2024-11-28T05:00:50.972Z  INFO 1881 --- [KebabCase] [           main] o.apache.catalina.core.StandardService   : Starting service [Tomcat]
2024-11-28T05:00:50.972Z  INFO 1881 --- [KebabCase] [           main] o.apache.catalina.core.StandardEngine    : Starting Servlet engine: [Apache Tomcat/10.1.33]
2024-11-28T05:00:50.983Z  INFO 1881 --- [KebabCase] [           main] o.a.c.c.C.[Tomcat-3].[localhost].[/]     : Initializing Spring embedded WebApplicationContext
2024-11-28T05:00:50.983Z  INFO 1881 --- [KebabCase] [           main] w.s.c.ServletWebServerApplicationContext : Root WebApplicationContext: initialization completed in 179 ms
2024-11-28T05:00:50.996Z  INFO 1881 --- [KebabCase] [           main] tc.mysql:8.0                             : Creating container for image: mysql:8.0
2024-11-28T05:00:51.039Z  INFO 1881 --- [KebabCase] [           main] tc.mysql:8.0                             : Container mysql:8.0 is starting: aff84c5880316d123a577fde5f9a876f2f592b9b6d8bcfeb30d65d9ff76f057a
2024-11-28T05:00:51.331Z  INFO 1881 --- [KebabCase] [           main] tc.mysql:8.0                             : Waiting for database connection to become available at jdbc:mysql://localhost:32775/testdb using query 'SELECT 1'
2024-11-28T05:01:00.691Z  INFO 1881 --- [KebabCase] [           main] tc.mysql:8.0                             : Container mysql:8.0 started in PT9.694762194S
2024-11-28T05:01:00.691Z  INFO 1881 --- [KebabCase] [           main] tc.mysql:8.0                             : Container is started (JDBC URL: jdbc:mysql://localhost:32775/testdb)
2024-11-28T05:01:00.709Z  INFO 1881 --- [KebabCase] [           main] .i.s.PathMatchingResourcePatternResolver : Skipping search for files matching pattern [**/*.class]: directory [/home/runner/work/KebabCase/KebabCase/target/test-classes/dev/coms4156/project/kebabcase/entity] does not exist
2024-11-28T05:01:00.711Z  INFO 1881 --- [KebabCase] [           main] o.hibernate.jpa.internal.util.LogHelper  : HHH000204: Processing PersistenceUnitInfo [name: default]
2024-11-28T05:01:00.713Z  INFO 1881 --- [KebabCase] [           main] o.h.c.internal.RegionFactoryInitiator    : HHH000026: Second-level cache disabled
2024-11-28T05:01:00.716Z  INFO 1881 --- [KebabCase] [           main] o.s.o.j.p.SpringPersistenceUnitInfo      : No LoadTimeWeaver setup: ignoring JPA class transformer
2024-11-28T05:01:00.717Z  INFO 1881 --- [KebabCase] [           main] com.zaxxer.hikari.HikariDataSource       : HikariPool-6 - Starting...
2024-11-28T05:01:00.733Z  INFO 1881 --- [KebabCase] [           main] com.zaxxer.hikari.pool.HikariPool        : HikariPool-6 - Added connection com.mysql.cj.jdbc.ConnectionImpl@7d470f7e
2024-11-28T05:01:00.733Z  INFO 1881 --- [KebabCase] [           main] com.zaxxer.hikari.HikariDataSource       : HikariPool-6 - Start completed.
2024-11-28T05:01:00.892Z  INFO 1881 --- [KebabCase] [           main] o.h.e.t.j.p.i.JtaPlatformInitiator       : HHH000489: No JTA platform available (set 'hibernate.transaction.jta.platform' to enable JTA platform integration)
2024-11-28T05:01:01.469Z  INFO 1881 --- [KebabCase] [           main] j.LocalContainerEntityManagerFactoryBean : Initialized JPA EntityManagerFactory for persistence unit 'default'
2024-11-28T05:01:01.585Z  WARN 1881 --- [KebabCase] [           main] JpaBaseConfiguration$JpaWebConfiguration : spring.jpa.open-in-view is enabled by default. Therefore, database queries may be performed during view rendering. Explicitly configure spring.jpa.open-in-view to disable this warning
2024-11-28T05:01:01.590Z  WARN 1881 --- [KebabCase] [           main] .s.s.UserDetailsServiceAutoConfiguration : 

Using generated security password: cb3bb7df-c207-4193-8db9-7cd61ca16e96

This generated password is for development use only. Your security configuration must be updated before running your application in production.

2024-11-28T05:01:01.590Z  INFO 1881 --- [KebabCase] [           main] r$InitializeUserDetailsManagerConfigurer : Global AuthenticationManager configured with UserDetailsService bean with name inMemoryUserDetailsManager
2024-11-28T05:01:01.665Z  INFO 1881 --- [KebabCase] [           main] o.s.b.w.embedded.tomcat.TomcatWebServer  : Tomcat started on port 41047 (http) with context path '/'
2024-11-28T05:01:01.669Z  INFO 1881 --- [KebabCase] [           main] d.c.p.k.WarmupControllerIntegrationTests : Started WarmupControllerIntegrationTests in 10.895 seconds (process running for 103.373)
2024-11-28T05:01:01.677Z  INFO 1881 --- [KebabCase] [o-auto-4-exec-1] o.a.c.c.C.[Tomcat-3].[localhost].[/]     : Initializing Spring DispatcherServlet 'dispatcherServlet'
2024-11-28T05:01:01.677Z  INFO 1881 --- [KebabCase] [o-auto-4-exec-1] o.s.web.servlet.DispatcherServlet        : Initializing Servlet 'dispatcherServlet'
2024-11-28T05:01:01.678Z  INFO 1881 --- [KebabCase] [o-auto-4-exec-1] o.s.web.servlet.DispatcherServlet        : Completed initialization in 1 ms
[INFO] Tests run: 1, Failures: 0, Errors: 0, Skipped: 0, Time elapsed: 10.92 s -- in dev.coms4156.project.kebabcase.WarmupControllerIntegrationTests
2024-11-28T05:01:01.698Z  INFO 1881 --- [KebabCase] [ionShutdownHook] j.LocalContainerEntityManagerFactoryBean : Closing JPA EntityManagerFactory for persistence unit 'default'
2024-11-28T05:01:01.700Z  INFO 1881 --- [KebabCase] [ionShutdownHook] com.zaxxer.hikari.HikariDataSource       : HikariPool-1 - Shutdown initiated...
[INFO] 
[INFO] Results:
[INFO] 
[INFO] Tests run: 103, Failures: 0, Errors: 0, Skipped: 0
[INFO] 
[INFO] ------------------------------------------------------------------------
[INFO] BUILD SUCCESS
[INFO] ------------------------------------------------------------------------
[INFO] Total time:  01:52 min
[INFO] Finished at: 2024-11-28T05:01:02Z
[INFO] ------------------------------------------------------------------------
